Archive member included to satisfy reference by file (symbol)

c:/st/stm32cubeide_1.11.2/stm32cubeide/plugins/com.st.stm32cube.ide.mcu.externaltools.gnu-tools-for-stm32.10.3-2021.10.win32_1.0.100.202210260954/tools/bin/../lib/gcc/arm-none-eabi/10.3.1/../../../../arm-none-eabi/lib/thumb/v7-m/nofp\libc_nano.a(lib_a-errno.o)
                              ./Core/Src/syscalls.o (__errno)
c:/st/stm32cubeide_1.11.2/stm32cubeide/plugins/com.st.stm32cube.ide.mcu.externaltools.gnu-tools-for-stm32.10.3-2021.10.win32_1.0.100.202210260954/tools/bin/../lib/gcc/arm-none-eabi/10.3.1/../../../../arm-none-eabi/lib/thumb/v7-m/nofp\libc_nano.a(lib_a-exit.o)
                              c:/st/stm32cubeide_1.11.2/stm32cubeide/plugins/com.st.stm32cube.ide.mcu.externaltools.gnu-tools-for-stm32.10.3-2021.10.win32_1.0.100.202210260954/tools/bin/../lib/gcc/arm-none-eabi/10.3.1/../../../../arm-none-eabi/lib/thumb/v7-m/nofp/crt0.o (exit)
c:/st/stm32cubeide_1.11.2/stm32cubeide/plugins/com.st.stm32cube.ide.mcu.externaltools.gnu-tools-for-stm32.10.3-2021.10.win32_1.0.100.202210260954/tools/bin/../lib/gcc/arm-none-eabi/10.3.1/../../../../arm-none-eabi/lib/thumb/v7-m/nofp\libc_nano.a(lib_a-impure.o)
                              c:/st/stm32cubeide_1.11.2/stm32cubeide/plugins/com.st.stm32cube.ide.mcu.externaltools.gnu-tools-for-stm32.10.3-2021.10.win32_1.0.100.202210260954/tools/bin/../lib/gcc/arm-none-eabi/10.3.1/../../../../arm-none-eabi/lib/thumb/v7-m/nofp\libc_nano.a(lib_a-exit.o) (_global_impure_ptr)
c:/st/stm32cubeide_1.11.2/stm32cubeide/plugins/com.st.stm32cube.ide.mcu.externaltools.gnu-tools-for-stm32.10.3-2021.10.win32_1.0.100.202210260954/tools/bin/../lib/gcc/arm-none-eabi/10.3.1/../../../../arm-none-eabi/lib/thumb/v7-m/nofp\libc_nano.a(lib_a-init.o)
                              c:/st/stm32cubeide_1.11.2/stm32cubeide/plugins/com.st.stm32cube.ide.mcu.externaltools.gnu-tools-for-stm32.10.3-2021.10.win32_1.0.100.202210260954/tools/bin/../lib/gcc/arm-none-eabi/10.3.1/../../../../arm-none-eabi/lib/thumb/v7-m/nofp/crt0.o (__libc_init_array)
c:/st/stm32cubeide_1.11.2/stm32cubeide/plugins/com.st.stm32cube.ide.mcu.externaltools.gnu-tools-for-stm32.10.3-2021.10.win32_1.0.100.202210260954/tools/bin/../lib/gcc/arm-none-eabi/10.3.1/../../../../arm-none-eabi/lib/thumb/v7-m/nofp\libc_nano.a(lib_a-memset.o)
                              c:/st/stm32cubeide_1.11.2/stm32cubeide/plugins/com.st.stm32cube.ide.mcu.externaltools.gnu-tools-for-stm32.10.3-2021.10.win32_1.0.100.202210260954/tools/bin/../lib/gcc/arm-none-eabi/10.3.1/../../../../arm-none-eabi/lib/thumb/v7-m/nofp/crt0.o (memset)
c:/st/stm32cubeide_1.11.2/stm32cubeide/plugins/com.st.stm32cube.ide.mcu.externaltools.gnu-tools-for-stm32.10.3-2021.10.win32_1.0.100.202210260954/tools/bin/../lib/gcc/arm-none-eabi/10.3.1/../../../../arm-none-eabi/lib/thumb/v7-m/nofp\libc_nano.a(lib_a-strcmp.o)
                              ./Core/Src/main.o (strcmp)
c:/st/stm32cubeide_1.11.2/stm32cubeide/plugins/com.st.stm32cube.ide.mcu.externaltools.gnu-tools-for-stm32.10.3-2021.10.win32_1.0.100.202210260954/tools/bin/../lib/gcc/arm-none-eabi/10.3.1/../../../../arm-none-eabi/lib/thumb/v7-m/nofp\libc_nano.a(lib_a-strlen.o)
                              ./Core/Src/main.o (strlen)

Discarded input sections

 .text          0x0000000000000000        0x0 c:/st/stm32cubeide_1.11.2/stm32cubeide/plugins/com.st.stm32cube.ide.mcu.externaltools.gnu-tools-for-stm32.10.3-2021.10.win32_1.0.100.202210260954/tools/bin/../lib/gcc/arm-none-eabi/10.3.1/thumb/v7-m/nofp/crti.o
 .data          0x0000000000000000        0x0 c:/st/stm32cubeide_1.11.2/stm32cubeide/plugins/com.st.stm32cube.ide.mcu.externaltools.gnu-tools-for-stm32.10.3-2021.10.win32_1.0.100.202210260954/tools/bin/../lib/gcc/arm-none-eabi/10.3.1/thumb/v7-m/nofp/crti.o
 .bss           0x0000000000000000        0x0 c:/st/stm32cubeide_1.11.2/stm32cubeide/plugins/com.st.stm32cube.ide.mcu.externaltools.gnu-tools-for-stm32.10.3-2021.10.win32_1.0.100.202210260954/tools/bin/../lib/gcc/arm-none-eabi/10.3.1/thumb/v7-m/nofp/crti.o
 .data          0x0000000000000000        0x4 c:/st/stm32cubeide_1.11.2/stm32cubeide/plugins/com.st.stm32cube.ide.mcu.externaltools.gnu-tools-for-stm32.10.3-2021.10.win32_1.0.100.202210260954/tools/bin/../lib/gcc/arm-none-eabi/10.3.1/thumb/v7-m/nofp/crtbegin.o
 .rodata        0x0000000000000000       0x24 c:/st/stm32cubeide_1.11.2/stm32cubeide/plugins/com.st.stm32cube.ide.mcu.externaltools.gnu-tools-for-stm32.10.3-2021.10.win32_1.0.100.202210260954/tools/bin/../lib/gcc/arm-none-eabi/10.3.1/thumb/v7-m/nofp/crtbegin.o
 .text          0x0000000000000000       0x7c c:/st/stm32cubeide_1.11.2/stm32cubeide/plugins/com.st.stm32cube.ide.mcu.externaltools.gnu-tools-for-stm32.10.3-2021.10.win32_1.0.100.202210260954/tools/bin/../lib/gcc/arm-none-eabi/10.3.1/../../../../arm-none-eabi/lib/thumb/v7-m/nofp/crt0.o
[...]
Memory Configuration

Name             Origin             Length             Attributes
RAM              0x0000000020000000 0x0000000000005000 xrw
FLASH            0x0000000008000000 0x0000000000020000 xr
*default*        0x0000000000000000 0xffffffffffffffff

Linker script and memory map

LOAD c:/st/stm32cubeide_1.11.2/stm32cubeide/plugins/com.st.stm32cube.ide.mcu.externaltools.gnu-tools-for-stm32.10.3-2021.10.win32_1.0.100.202210260954/tools/bin/../lib/gcc/arm-none-eabi/10.3.1/thumb/v7-m/nofp/crti.o
LOAD c:/st/stm32cubeide_1.11.2/stm32cubeide/plugins/com.st.stm32cube.ide.mcu.externaltools.gnu-tools-for-stm32.10.3-2021.10.win32_1.0.100.202210260954/tools/bin/../lib/gcc/arm-none-eabi/10.3.1/thumb/v7-m/nofp/crtbegin.o
LOAD c:/st/stm32cubeide_1.11.2/stm32cubeide/plugins/com.st.stm32cube.ide.mcu.externaltools.gnu-tools-for-stm32.10.3-2021.10.win32_1.0.100.202210260954/tools/bin/../lib/gcc/arm-none-eabi/10.3.1/../../../../arm-none-eabi/lib/thumb/v7-m/nofp/crt0.o
LOAD ./Core/Src/fatfs_sd.o
LOAD ./Core/Src/main.o
LOAD ./Core/Src/stm32f1xx_hal_msp.o
LOAD ./Core/Src/stm32f1xx_it.o
LOAD ./Core/Src/syscalls.o
LOAD ./Core/Src/sysmem.o
LOAD ./Core/Src/system_stm32f1xx.o
LOAD ./Core/Startup/startup_stm32f103rbtx.o
LOAD ./Drivers/STM32F1xx_HAL_Driver/Src/stm32f1xx_hal.o
LOAD ./Drivers/STM32F1xx_HAL_Driver/Src/stm32f1xx_hal_cortex.o
LOAD ./Drivers/STM32F1xx_HAL_Driver/Src/stm32f1xx_hal_dma.o
LOAD ./Drivers/STM32F1xx_HAL_Driver/Src/stm32f1xx_hal_exti.o
LOAD ./Drivers/STM32F1xx_HAL_Driver/Src/stm32f1xx_hal_flash.o
LOAD ./Drivers/STM32F1xx_HAL_Driver/Src/stm32f1xx_hal_flash_ex.o
LOAD ./Drivers/STM32F1xx_HAL_Driver/Src/stm32f1xx_hal_gpio.o
LOAD ./Drivers/STM32F1xx_HAL_Driver/Src/stm32f1xx_hal_gpio_ex.o
LOAD ./Drivers/STM32F1xx_HAL_Driver/Src/stm32f1xx_hal_pwr.o
LOAD ./Drivers/STM32F1xx_HAL_Driver/Src/stm32f1xx_hal_rcc.o
LOAD ./Drivers/STM32F1xx_HAL_Driver/Src/stm32f1xx_hal_rcc_ex.o
LOAD ./Drivers/STM32F1xx_HAL_Driver/Src/stm32f1xx_hal_spi.o
LOAD ./Drivers/STM32F1xx_HAL_Driver/Src/stm32f1xx_hal_tim.o
LOAD ./Drivers/STM32F1xx_HAL_Driver/Src/stm32f1xx_hal_tim_ex.o
LOAD ./Drivers/STM32F1xx_HAL_Driver/Src/stm32f1xx_hal_uart.o
LOAD ./FATFS/App/fatfs.o
LOAD ./FATFS/Target/user_diskio.o
LOAD ./Middlewares/Third_Party/FatFs/src/diskio.o
LOAD ./Middlewares/Third_Party/FatFs/src/ff.o
LOAD ./Middlewares/Third_Party/FatFs/src/ff_gen_drv.o
LOAD ./Middlewares/Third_Party/FatFs/src/option/ccsbcs.o
LOAD ./Middlewares/Third_Party/FatFs/src/option/syscall.o
START GROUP
LOAD c:/st/stm32cubeide_1.11.2/stm32cubeide/plugins/com.st.stm32cube.ide.mcu.externaltools.gnu-tools-for-stm32.10.3-2021.10.win32_1.0.100.202210260954/tools/bin/../lib/gcc/arm-none-eabi/10.3.1/../../../../arm-none-eabi/lib/thumb/v7-m/nofp\libc_nano.a
LOAD c:/st/stm32cubeide_1.11.2/stm32cubeide/plugins/com.st.stm32cube.ide.mcu.externaltools.gnu-tools-for-stm32.10.3-2021.10.win32_1.0.100.202210260954/tools/bin/../lib/gcc/arm-none-eabi/10.3.1/../../../../arm-none-eabi/lib/thumb/v7-m/nofp\libm.a
END GROUP
START GROUP
LOAD c:/st/stm32cubeide_1.11.2/stm32cubeide/plugins/com.st.stm32cube.ide.mcu.externaltools.gnu-tools-for-stm32.10.3-2021.10.win32_1.0.100.202210260954/tools/bin/../lib/gcc/arm-none-eabi/10.3.1/thumb/v7-m/nofp\libgcc.a
LOAD c:/st/stm32cubeide_1.11.2/stm32cubeide/plugins/com.st.stm32cube.ide.mcu.externaltools.gnu-tools-for-stm32.10.3-2021.10.win32_1.0.100.202210260954/tools/bin/../lib/gcc/arm-none-eabi/10.3.1/../../../../arm-none-eabi/lib/thumb/v7-m/nofp\libc_nano.a
END GROUP
START GROUP
LOAD c:/st/stm32cubeide_1.11.2/stm32cubeide/plugins/com.st.stm32cube.ide.mcu.externaltools.gnu-tools-for-stm32.10.3-2021.10.win32_1.0.100.202210260954/tools/bin/../lib/gcc/arm-none-eabi/10.3.1/thumb/v7-m/nofp\libgcc.a
LOAD c:/st/stm32cubeide_1.11.2/stm32cubeide/plugins/com.st.stm32cube.ide.mcu.externaltools.gnu-tools-for-stm32.10.3-2021.10.win32_1.0.100.202210260954/tools/bin/../lib/gcc/arm-none-eabi/10.3.1/../../../../arm-none-eabi/lib/thumb/v7-m/nofp\libc_nano.a
LOAD c:/st/stm32cubeide_1.11.2/stm32cubeide/plugins/com.st.stm32cube.ide.mcu.externaltools.gnu-tools-for-stm32.10.3-2021.10.win32_1.0.100.202210260954/tools/bin/../lib/gcc/arm-none-eabi/10.3.1/../../../../arm-none-eabi/lib/thumb/v7-m/nofp\libnosys.a
END GROUP
START GROUP
LOAD c:/st/stm32cubeide_1.11.2/stm32cubeide/plugins/com.st.stm32cube.ide.mcu.externaltools.gnu-tools-for-stm32.10.3-2021.10.win32_1.0.100.202210260954/tools/bin/../lib/gcc/arm-none-eabi/10.3.1/thumb/v7-m/nofp\libgcc.a
LOAD c:/st/stm32cubeide_1.11.2/stm32cubeide/plugins/com.st.stm32cube.ide.mcu.externaltools.gnu-tools-for-stm32.10.3-2021.10.win32_1.0.100.202210260954/tools/bin/../lib/gcc/arm-none-eabi/10.3.1/../../../../arm-none-eabi/lib/thumb/v7-m/nofp\libc_nano.a
LOAD c:/st/stm32cubeide_1.11.2/stm32cubeide/plugins/com.st.stm32cube.ide.mcu.externaltools.gnu-tools-for-stm32.10.3-2021.10.win32_1.0.100.202210260954/tools/bin/../lib/gcc/arm-none-eabi/10.3.1/../../../../arm-none-eabi/lib/thumb/v7-m/nofp\libnosys.a
END GROUP
LOAD c:/st/stm32cubeide_1.11.2/stm32cubeide/plugins/com.st.stm32cube.ide.mcu.externaltools.gnu-tools-for-stm32.10.3-2021.10.win32_1.0.100.202210260954/tools/bin/../lib/gcc/arm-none-eabi/10.3.1/thumb/v7-m/nofp/crtend.o
LOAD c:/st/stm32cubeide_1.11.2/stm32cubeide/plugins/com.st.stm32cube.ide.mcu.externaltools.gnu-tools-for-stm32.10.3-2021.10.win32_1.0.100.202210260954/tools/bin/../lib/gcc/arm-none-eabi/10.3.1/thumb/v7-m/nofp/crtn.o
                0x0000000020005000                _estack = (ORIGIN (RAM) + LENGTH (RAM))
                0x0000000000000200                _Min_Heap_Size = 0x200
                0x0000000000000400                _Min_Stack_Size = 0x400

.isr_vector     0x0000000008000000      0x10c
                0x0000000008000000                . = ALIGN (0x4)
 *(.isr_vector)
 .isr_vector    0x0000000008000000      0x10c ./Core/Startup/startup_stm32f103rbtx.o
                0x0000000008000000                g_pfnVectors
                0x000000000800010c                . = ALIGN (0x4)

.text           0x000000000800010c     0x6340
                0x000000000800010c                . = ALIGN (0x4)
 *(.text)
 .text          0x000000000800010c       0x40 c:/st/stm32cubeide_1.11.2/stm32cubeide/plugins/com.st.stm32cube.ide.mcu.externaltools.gnu-tools-for-stm32.10.3-2021.10.win32_1.0.100.202210260954/tools/bin/../lib/gcc/arm-none-eabi/10.3.1/thumb/v7-m/nofp/crtbegin.o
 .text          0x000000000800014c       0x14 c:/st/stm32cubeide_1.11.2/stm32cubeide/plugins/com.st.stm32cube.ide.mcu.externaltools.gnu-tools-for-stm32.10.3-2021.10.win32_1.0.100.202210260954/tools/bin/../lib/gcc/arm-none-eabi/10.3.1/../../../../arm-none-eabi/lib/thumb/v7-m/nofp\libc_nano.a(lib_a-strcmp.o)
                0x000000000800014c                strcmp
 .text          0x0000000008000160       0x10 c:/st/stm32cubeide_1.11.2/stm32cubeide/plugins/com.st.stm32cube.ide.mcu.externaltools.gnu-tools-for-stm32.10.3-2021.10.win32_1.0.100.202210260954/tools/bin/../lib/gcc/arm-none-eabi/10.3.1/../../../../arm-none-eabi/lib/thumb/v7-m/nofp\libc_nano.a(lib_a-strlen.o)
                0x0000000008000160                strlen
 *(.text*)
 .text.SELECT   0x0000000008000170       0x1c ./Core/Src/fatfs_sd.o
 .text.DESELECT
                0x000000000800018c       0x1c ./Core/Src/fatfs_sd.o
 .text.SPI_TxByte
                0x00000000080001a8       0x34 ./Core/Src/fatfs_sd.o
 .text.SPI_TxBuffer
                0x00000000080001dc       0x34 ./Core/Src/fatfs_sd.o
 .text.SPI_RxByte
                0x0000000008000210       0x38 ./Core/Src/fatfs_sd.o
 .text.SPI_RxBytePtr
                0x0000000008000248       0x1c ./Core/Src/fatfs_sd.o
 .text.SD_ReadyWait
                0x0000000008000264       0x34 ./Core/Src/fatfs_sd.o
 .text.SD_PowerOn
                0x0000000008000298       0x84 ./Core/Src/fatfs_sd.o
 .text.SD_PowerOff
                0x000000000800031c       0x18 ./Core/Src/fatfs_sd.o
 .text.SD_CheckPower
                0x0000000008000334       0x14 ./Core/Src/fatfs_sd.o
 .text.SD_RxDataBlock
                0x0000000008000348       0x5c ./Core/Src/fatfs_sd.o
 .text.SD_TxDataBlock
                0x00000000080003a4       0x86 ./Core/Src/fatfs_sd.o
 .text.SD_SendCmd
                0x000000000800042a       0xa8 ./Core/Src/fatfs_sd.o
 *fill*         0x00000000080004d2        0x2 
 .text.SD_disk_initialize
                0x00000000080004d4      0x1cc ./Core/Src/fatfs_sd.o
                0x00000000080004d4                SD_disk_initialize
 .text.SD_disk_status
                0x00000000080006a0       0x28 ./Core/Src/fatfs_sd.o
                0x00000000080006a0                SD_disk_status
 .text.SD_disk_read
                0x00000000080006c8       0xd4 ./Core/Src/fatfs_sd.o
                0x00000000080006c8                SD_disk_read
 .text.SD_disk_write
                0x000000000800079c      0x108 ./Core/Src/fatfs_sd.o
                0x000000000800079c                SD_disk_write
 .text.SD_disk_ioctl
                0x00000000080008a4      0x258 ./Core/Src/fatfs_sd.o
                0x00000000080008a4                SD_disk_ioctl
 .text.main     0x0000000008000afc       0xc0 ./Core/Src/main.o
                0x0000000008000afc                main
 .text.SystemClock_Config
                0x0000000008000bbc       0x82 ./Core/Src/main.o
                0x0000000008000bbc                SystemClock_Config
 *fill*         0x0000000008000c3e        0x2 
 .text.MX_SPI2_Init
                0x0000000008000c40       0x6c ./Core/Src/main.o
 .text.MX_USART2_UART_Init
                0x0000000008000cac       0x54 ./Core/Src/main.o
 .text.MX_GPIO_Init
                0x0000000008000d00       0xf8 ./Core/Src/main.o
 .text.indicate
                0x0000000008000df8       0xf0 ./Core/Src/main.o
                0x0000000008000df8                indicate
 .text.Error_Handler
                0x0000000008000ee8        0xa ./Core/Src/main.o
                0x0000000008000ee8                Error_Handler
 *fill*         0x0000000008000ef2        0x2 
 .text.HAL_MspInit
                0x0000000008000ef4       0x64 ./Core/Src/stm32f1xx_hal_msp.o
                0x0000000008000ef4                HAL_MspInit
 .text.HAL_SPI_MspInit
                0x0000000008000f58       0x98 ./Core/Src/stm32f1xx_hal_msp.o
                0x0000000008000f58                HAL_SPI_MspInit
 .text.HAL_UART_MspInit
                0x0000000008000ff0       0x7c ./Core/Src/stm32f1xx_hal_msp.o
                0x0000000008000ff0                HAL_UART_MspInit
 .text.NMI_Handler
                0x000000000800106c        0x6 ./Core/Src/stm32f1xx_it.o
                0x000000000800106c                NMI_Handler
 .text.HardFault_Handler
                0x0000000008001072        0x6 ./Core/Src/stm32f1xx_it.o
                0x0000000008001072                HardFault_Handler
 .text.MemManage_Handler
                0x0000000008001078        0x6 ./Core/Src/stm32f1xx_it.o
                0x0000000008001078                MemManage_Handler
 .text.BusFault_Handler
                0x000000000800107e        0x6 ./Core/Src/stm32f1xx_it.o
                0x000000000800107e                BusFault_Handler
 .text.UsageFault_Handler
                0x0000000008001084        0x6 ./Core/Src/stm32f1xx_it.o
                0x0000000008001084                UsageFault_Handler
 .text.SVC_Handler
                0x000000000800108a        0xc ./Core/Src/stm32f1xx_it.o
                0x000000000800108a                SVC_Handler
 .text.DebugMon_Handler
                0x0000000008001096        0xc ./Core/Src/stm32f1xx_it.o
                0x0000000008001096                DebugMon_Handler
 .text.PendSV_Handler
                0x00000000080010a2        0xc ./Core/Src/stm32f1xx_it.o
                0x00000000080010a2                PendSV_Handler
 *fill*         0x00000000080010ae        0x2 
 .text.SysTick_Handler
                0x00000000080010b0       0x3c ./Core/Src/stm32f1xx_it.o
                0x00000000080010b0                SysTick_Handler
 .text.EXTI15_10_IRQHandler
                0x00000000080010ec       0x10 ./Core/Src/stm32f1xx_it.o
                0x00000000080010ec                EXTI15_10_IRQHandler
 .text.SystemInit
                0x00000000080010fc        0xc ./Core/Src/system_stm32f1xx.o
                0x00000000080010fc                SystemInit
 .text.Reset_Handler
                0x0000000008001108       0x48 ./Core/Startup/startup_stm32f103rbtx.o
                0x0000000008001108                Reset_Handler
 .text.Default_Handler
                0x0000000008001150        0x2 ./Core/Startup/startup_stm32f103rbtx.o
                0x0000000008001150                RTC_Alarm_IRQHandler
                0x0000000008001150                EXTI2_IRQHandler
                0x0000000008001150                TIM1_CC_IRQHandler
                0x0000000008001150                PVD_IRQHandler
                0x0000000008001150                EXTI3_IRQHandler
                0x0000000008001150                EXTI0_IRQHandler
                0x0000000008001150                I2C2_EV_IRQHandler
                0x0000000008001150                ADC1_2_IRQHandler
                0x0000000008001150                SPI1_IRQHandler
                0x0000000008001150                TAMPER_IRQHandler
                0x0000000008001150                DMA1_Channel4_IRQHandler
                0x0000000008001150                USART3_IRQHandler
                0x0000000008001150                RTC_IRQHandler
                0x0000000008001150                DMA1_Channel7_IRQHandler
                0x0000000008001150                CAN1_RX1_IRQHandler
                0x0000000008001150                TIM4_IRQHandler
                0x0000000008001150                I2C1_EV_IRQHandler
                0x0000000008001150                DMA1_Channel6_IRQHandler
                0x0000000008001150                TIM3_IRQHandler
                0x0000000008001150                RCC_IRQHandler
                0x0000000008001150                TIM1_TRG_COM_IRQHandler
                0x0000000008001150                DMA1_Channel1_IRQHandler
                0x0000000008001150                Default_Handler
                0x0000000008001150                EXTI9_5_IRQHandler
                0x0000000008001150                SPI2_IRQHandler
                0x0000000008001150                DMA1_Channel5_IRQHandler
                0x0000000008001150                EXTI4_IRQHandler
                0x0000000008001150                USB_LP_CAN1_RX0_IRQHandler
                0x0000000008001150                USB_HP_CAN1_TX_IRQHandler
                0x0000000008001150                DMA1_Channel3_IRQHandler
                0x0000000008001150                TIM1_UP_IRQHandler
                0x0000000008001150                WWDG_IRQHandler
                0x0000000008001150                TIM2_IRQHandler
                0x0000000008001150                TIM1_BRK_IRQHandler
                0x0000000008001150                EXTI1_IRQHandler
                0x0000000008001150                USART2_IRQHandler
                0x0000000008001150                I2C2_ER_IRQHandler
                0x0000000008001150                DMA1_Channel2_IRQHandler
                0x0000000008001150                CAN1_SCE_IRQHandler
                0x0000000008001150                FLASH_IRQHandler
                0x0000000008001150                USART1_IRQHandler
                0x0000000008001150                I2C1_ER_IRQHandler
                0x0000000008001150                USBWakeUp_IRQHandler
 *fill*         0x0000000008001152        0x2 
 .text.HAL_Init
                0x0000000008001154       0x2c ./Drivers/STM32F1xx_HAL_Driver/Src/stm32f1xx_hal.o
                0x0000000008001154                HAL_Init
 .text.HAL_InitTick
                0x0000000008001180       0x60 ./Drivers/STM32F1xx_HAL_Driver/Src/stm32f1xx_hal.o
                0x0000000008001180                HAL_InitTick
 .text.HAL_IncTick
                0x00000000080011e0       0x24 ./Drivers/STM32F1xx_HAL_Driver/Src/stm32f1xx_hal.o
                0x00000000080011e0                HAL_IncTick
 .text.HAL_GetTick
                0x0000000008001204       0x14 ./Drivers/STM32F1xx_HAL_Driver/Src/stm32f1xx_hal.o
                0x0000000008001204                HAL_GetTick
 .text.HAL_Delay
                0x0000000008001218       0x48 ./Drivers/STM32F1xx_HAL_Driver/Src/stm32f1xx_hal.o
                0x0000000008001218                HAL_Delay
 .text.__NVIC_SetPriorityGrouping
                0x0000000008001260       0x48 ./Drivers/STM32F1xx_HAL_Driver/Src/stm32f1xx_hal_cortex.o
 .text.__NVIC_GetPriorityGrouping
                0x00000000080012a8       0x1c ./Drivers/STM32F1xx_HAL_Driver/Src/stm32f1xx_hal_cortex.o
 .text.__NVIC_EnableIRQ
                0x00000000080012c4       0x38 ./Drivers/STM32F1xx_HAL_Driver/Src/stm32f1xx_hal_cortex.o
 .text.__NVIC_SetPriority
                0x00000000080012fc       0x54 ./Drivers/STM32F1xx_HAL_Driver/Src/stm32f1xx_hal_cortex.o
 .text.NVIC_EncodePriority
                0x0000000008001350       0x64 ./Drivers/STM32F1xx_HAL_Driver/Src/stm32f1xx_hal_cortex.o
 .text.SysTick_Config
                0x00000000080013b4       0x44 ./Drivers/STM32F1xx_HAL_Driver/Src/stm32f1xx_hal_cortex.o
 .text.HAL_NVIC_SetPriorityGrouping
                0x00000000080013f8       0x16 ./Drivers/STM32F1xx_HAL_Driver/Src/stm32f1xx_hal_cortex.o
                0x00000000080013f8                HAL_NVIC_SetPriorityGrouping
 .text.HAL_NVIC_SetPriority
                0x000000000800140e       0x38 ./Drivers/STM32F1xx_HAL_Driver/Src/stm32f1xx_hal_cortex.o
                0x000000000800140e                HAL_NVIC_SetPriority
 .text.HAL_NVIC_EnableIRQ
                0x0000000008001446       0x1c ./Drivers/STM32F1xx_HAL_Driver/Src/stm32f1xx_hal_cortex.o
                0x0000000008001446                HAL_NVIC_EnableIRQ
 .text.HAL_SYSTICK_Config
                0x0000000008001462       0x18 ./Drivers/STM32F1xx_HAL_Driver/Src/stm32f1xx_hal_cortex.o
                0x0000000008001462                HAL_SYSTICK_Config
 *fill*         0x000000000800147a        0x2 
 .text.HAL_GPIO_Init
                0x000000000800147c      0x308 ./Drivers/STM32F1xx_HAL_Driver/Src/stm32f1xx_hal_gpio.o
                0x000000000800147c                HAL_GPIO_Init
 .text.HAL_GPIO_WritePin
                0x0000000008001784       0x30 ./Drivers/STM32F1xx_HAL_Driver/Src/stm32f1xx_hal_gpio.o
                0x0000000008001784                HAL_GPIO_WritePin
 .text.HAL_GPIO_EXTI_IRQHandler
                0x00000000080017b4       0x30 ./Drivers/STM32F1xx_HAL_Driver/Src/stm32f1xx_hal_gpio.o
                0x00000000080017b4                HAL_GPIO_EXTI_IRQHandler
 .text.HAL_GPIO_EXTI_Callback
                0x00000000080017e4       0x14 ./Drivers/STM32F1xx_HAL_Driver/Src/stm32f1xx_hal_gpio.o
                0x00000000080017e4                HAL_GPIO_EXTI_Callback
 .text.HAL_RCC_OscConfig
                0x00000000080017f8      0x504 ./Drivers/STM32F1xx_HAL_Driver/Src/stm32f1xx_hal_rcc.o
                0x00000000080017f8                HAL_RCC_OscConfig
 .text.HAL_RCC_ClockConfig
                0x0000000008001cfc      0x1d4 ./Drivers/STM32F1xx_HAL_Driver/Src/stm32f1xx_hal_rcc.o
                0x0000000008001cfc                HAL_RCC_ClockConfig
 .text.HAL_RCC_GetSysClockFreq
                0x0000000008001ed0       0xbc ./Drivers/STM32F1xx_HAL_Driver/Src/stm32f1xx_hal_rcc.o
                0x0000000008001ed0                HAL_RCC_GetSysClockFreq
 .text.HAL_RCC_GetHCLKFreq
                0x0000000008001f8c       0x14 ./Drivers/STM32F1xx_HAL_Driver/Src/stm32f1xx_hal_rcc.o
                0x0000000008001f8c                HAL_RCC_GetHCLKFreq
 .text.HAL_RCC_GetPCLK1Freq
                0x0000000008001fa0       0x28 ./Drivers/STM32F1xx_HAL_Driver/Src/stm32f1xx_hal_rcc.o
                0x0000000008001fa0                HAL_RCC_GetPCLK1Freq
 .text.HAL_RCC_GetPCLK2Freq
                0x0000000008001fc8       0x28 ./Drivers/STM32F1xx_HAL_Driver/Src/stm32f1xx_hal_rcc.o
                0x0000000008001fc8                HAL_RCC_GetPCLK2Freq
 .text.RCC_Delay
                0x0000000008001ff0       0x3c ./Drivers/STM32F1xx_HAL_Driver/Src/stm32f1xx_hal_rcc.o
 .text.HAL_SPI_Init
                0x000000000800202c      0x108 ./Drivers/STM32F1xx_HAL_Driver/Src/stm32f1xx_hal_spi.o
                0x000000000800202c                HAL_SPI_Init
 .text.HAL_SPI_Transmit
                0x0000000008002134      0x278 ./Drivers/STM32F1xx_HAL_Driver/Src/stm32f1xx_hal_spi.o
                0x0000000008002134                HAL_SPI_Transmit
 .text.HAL_SPI_TransmitReceive
                0x00000000080023ac      0x344 ./Drivers/STM32F1xx_HAL_Driver/Src/stm32f1xx_hal_spi.o
                0x00000000080023ac                HAL_SPI_TransmitReceive
 .text.SPI_WaitFlagStateUntilTimeout
                0x00000000080026f0      0x110 ./Drivers/STM32F1xx_HAL_Driver/Src/stm32f1xx_hal_spi.o
 .text.SPI_EndRxTxTransaction
                0x0000000008002800       0x3c ./Drivers/STM32F1xx_HAL_Driver/Src/stm32f1xx_hal_spi.o
 .text.HAL_UART_Init
                0x000000000800283c       0x9a ./Drivers/STM32F1xx_HAL_Driver/Src/stm32f1xx_hal_uart.o
                0x000000000800283c                HAL_UART_Init
 .text.HAL_UART_Transmit
                0x00000000080028d6      0x124 ./Drivers/STM32F1xx_HAL_Driver/Src/stm32f1xx_hal_uart.o
                0x00000000080028d6                HAL_UART_Transmit
 .text.UART_WaitOnFlagUntilTimeout
                0x00000000080029fa       0x94 ./Drivers/STM32F1xx_HAL_Driver/Src/stm32f1xx_hal_uart.o
 *fill*         0x0000000008002a8e        0x2 
 .text.UART_SetConfig
                0x0000000008002a90      0x11c ./Drivers/STM32F1xx_HAL_Driver/Src/stm32f1xx_hal_uart.o
 .text.MX_FATFS_Init
                0x0000000008002bac       0x24 ./FATFS/App/fatfs.o
                0x0000000008002bac                MX_FATFS_Init
 .text.get_fattime
                0x0000000008002bd0        0xe ./FATFS/App/fatfs.o
                0x0000000008002bd0                get_fattime
 .text.USER_initialize
                0x0000000008002bde       0x1e ./FATFS/Target/user_diskio.o
                0x0000000008002bde                USER_initialize
 .text.USER_status
                0x0000000008002bfc       0x1e ./FATFS/Target/user_diskio.o
                0x0000000008002bfc                USER_status
 .text.USER_read
                0x0000000008002c1a       0x28 ./FATFS/Target/user_diskio.o
                0x0000000008002c1a                USER_read
 .text.USER_write
                0x0000000008002c42       0x28 ./FATFS/Target/user_diskio.o
                0x0000000008002c42                USER_write
 .text.USER_ioctl
                0x0000000008002c6a       0x28 ./FATFS/Target/user_diskio.o
                0x0000000008002c6a                USER_ioctl
 *fill*         0x0000000008002c92        0x2 
 .text.disk_status
                0x0000000008002c94       0x34 ./Middlewares/Third_Party/FatFs/src/diskio.o
                0x0000000008002c94                disk_status
 .text.disk_initialize
                0x0000000008002cc8       0x4c ./Middlewares/Third_Party/FatFs/src/diskio.o
                0x0000000008002cc8                disk_initialize
 .text.disk_read
                0x0000000008002d14       0x40 ./Middlewares/Third_Party/FatFs/src/diskio.o
                0x0000000008002d14                disk_read
 .text.disk_write
                0x0000000008002d54       0x40 ./Middlewares/Third_Party/FatFs/src/diskio.o
                0x0000000008002d54                disk_write
 .text.disk_ioctl
                0x0000000008002d94       0x3c ./Middlewares/Third_Party/FatFs/src/diskio.o
                0x0000000008002d94                disk_ioctl
 .text.mem_cpy  0x0000000008002dd0       0x3c ./Middlewares/Third_Party/FatFs/src/ff.o
 .text.mem_set  0x0000000008002e0c       0x34 ./Middlewares/Third_Party/FatFs/src/ff.o
 .text.mem_cmp  0x0000000008002e40       0x4c ./Middlewares/Third_Party/FatFs/src/ff.o
 .text.chk_chr  0x0000000008002e8c       0x34 ./Middlewares/Third_Party/FatFs/src/ff.o
 .text.chk_lock
                0x0000000008002ec0       0xe0 ./Middlewares/Third_Party/FatFs/src/ff.o
 .text.enq_lock
                0x0000000008002fa0       0x48 ./Middlewares/Third_Party/FatFs/src/ff.o
 .text.inc_lock
                0x0000000008002fe8      0x178 ./Middlewares/Third_Party/FatFs/src/ff.o
 .text.dec_lock
                0x0000000008003160       0x88 ./Middlewares/Third_Party/FatFs/src/ff.o
 .text.clear_lock
                0x00000000080031e8       0x54 ./Middlewares/Third_Party/FatFs/src/ff.o
 .text.sync_window
                0x000000000800323c       0xa4 ./Middlewares/Third_Party/FatFs/src/ff.o
 .text.move_window
                0x00000000080032e0       0x64 ./Middlewares/Third_Party/FatFs/src/ff.o
 .text.sync_fs  0x0000000008003344      0x17e ./Middlewares/Third_Party/FatFs/src/ff.o
 .text.clust2sect
                0x00000000080034c2       0x48 ./Middlewares/Third_Party/FatFs/src/ff.o
                0x00000000080034c2                clust2sect
 .text.get_fat  0x000000000800350a      0x1f8 ./Middlewares/Third_Party/FatFs/src/ff.o
                0x000000000800350a                get_fat
 .text.put_fat  0x0000000008003702      0x2a6 ./Middlewares/Third_Party/FatFs/src/ff.o
                0x0000000008003702                put_fat
 .text.remove_chain
                0x00000000080039a8       0xc2 ./Middlewares/Third_Party/FatFs/src/ff.o
 .text.create_chain
                0x0000000008003a6a      0x150 ./Middlewares/Third_Party/FatFs/src/ff.o
 .text.clmt_clust
                0x0000000008003bba       0x80 ./Middlewares/Third_Party/FatFs/src/ff.o
 .text.dir_sdi  0x0000000008003c3a      0x19c ./Middlewares/Third_Party/FatFs/src/ff.o
 .text.dir_next
                0x0000000008003dd6      0x294 ./Middlewares/Third_Party/FatFs/src/ff.o
 .text.dir_alloc
                0x000000000800406a       0x9c ./Middlewares/Third_Party/FatFs/src/ff.o
 .text.ld_clust
                0x0000000008004106       0x5c ./Middlewares/Third_Party/FatFs/src/ff.o
 .text.st_clust
                0x0000000008004162       0x4c ./Middlewares/Third_Party/FatFs/src/ff.o
 *fill*         0x00000000080041ae        0x2 
 .text.cmp_lfn  0x00000000080041b0       0xdc ./Middlewares/Third_Party/FatFs/src/ff.o
 .text.fit_lfn  0x000000000800428c       0xe8 ./Middlewares/Third_Party/FatFs/src/ff.o
 .text.gen_numname
                0x0000000008004374      0x11c ./Middlewares/Third_Party/FatFs/src/ff.o
 .text.sum_sfn  0x0000000008004490       0x40 ./Middlewares/Third_Party/FatFs/src/ff.o
 .text.dir_find
                0x00000000080044d0      0x198 ./Middlewares/Third_Party/FatFs/src/ff.o
 .text.dir_register
                0x0000000008004668      0x248 ./Middlewares/Third_Party/FatFs/src/ff.o
 .text.create_name
                0x00000000080048b0      0x37c ./Middlewares/Third_Party/FatFs/src/ff.o
 .text.follow_path
                0x0000000008004c2c       0xec ./Middlewares/Third_Party/FatFs/src/ff.o
 .text.get_ldnumber
                0x0000000008004d18       0x86 ./Middlewares/Third_Party/FatFs/src/ff.o
 *fill*         0x0000000008004d9e        0x2 
 .text.check_fs
                0x0000000008004da0       0xdc ./Middlewares/Third_Party/FatFs/src/ff.o
 .text.find_volume
                0x0000000008004e7c      0x664 ./Middlewares/Third_Party/FatFs/src/ff.o
 .text.validate
                0x00000000080054e0       0x76 ./Middlewares/Third_Party/FatFs/src/ff.o
 *fill*         0x0000000008005556        0x2 
 .text.f_mount  0x0000000008005558       0x94 ./Middlewares/Third_Party/FatFs/src/ff.o
                0x0000000008005558                f_mount
 .text.f_open   0x00000000080055ec      0x630 ./Middlewares/Third_Party/FatFs/src/ff.o
                0x00000000080055ec                f_open
 .text.f_read   0x0000000008005c1c      0x3d0 ./Middlewares/Third_Party/FatFs/src/ff.o
                0x0000000008005c1c                f_read
 .text.f_sync   0x0000000008005fec      0x19c ./Middlewares/Third_Party/FatFs/src/ff.o
                0x0000000008005fec                f_sync
 .text.f_close  0x0000000008006188       0x56 ./Middlewares/Third_Party/FatFs/src/ff.o
                0x0000000008006188                f_close
 .text.f_gets   0x00000000080061de       0x7a ./Middlewares/Third_Party/FatFs/src/ff.o
                0x00000000080061de                f_gets
 .text.FATFS_LinkDriverEx
                0x0000000008006258       0x94 ./Middlewares/Third_Party/FatFs/src/ff_gen_drv.o
                0x0000000008006258                FATFS_LinkDriverEx
 .text.FATFS_LinkDriver
                0x00000000080062ec       0x1e ./Middlewares/Third_Party/FatFs/src/ff_gen_drv.o
                0x00000000080062ec                FATFS_LinkDriver
 *fill*         0x000000000800630a        0x2 
 .text.ff_convert
                0x000000000800630c       0x74 ./Middlewares/Third_Party/FatFs/src/option/ccsbcs.o
                0x000000000800630c                ff_convert
 .text.ff_wtoupper
                0x0000000008006380       0x5c ./Middlewares/Third_Party/FatFs/src/option/ccsbcs.o
                0x0000000008006380                ff_wtoupper
 .text.__libc_init_array
                0x00000000080063dc       0x48 c:/st/stm32cubeide_1.11.2/stm32cubeide/plugins/com.st.stm32cube.ide.mcu.externaltools.gnu-tools-for-stm32.10.3-2021.10.win32_1.0.100.202210260954/tools/bin/../lib/gcc/arm-none-eabi/10.3.1/../../../../arm-none-eabi/lib/thumb/v7-m/nofp\libc_nano.a(lib_a-init.o)
                0x00000000080063dc                __libc_init_array
 .text.memset   0x0000000008006424       0x10 c:/st/stm32cubeide_1.11.2/stm32cubeide/plugins/com.st.stm32cube.ide.mcu.externaltools.gnu-tools-for-stm32.10.3-2021.10.win32_1.0.100.202210260954/tools/bin/../lib/gcc/arm-none-eabi/10.3.1/../../../../arm-none-eabi/lib/thumb/v7-m/nofp\libc_nano.a(lib_a-memset.o)
                0x0000000008006424                memset
 *(.glue_7)
 .glue_7        0x0000000008006434        0x0 linker stubs
 *(.glue_7t)
 .glue_7t       0x0000000008006434        0x0 linker stubs
 *(.eh_frame)
 .eh_frame      0x0000000008006434        0x0 c:/st/stm32cubeide_1.11.2/stm32cubeide/plugins/com.st.stm32cube.ide.mcu.externaltools.gnu-tools-for-stm32.10.3-2021.10.win32_1.0.100.202210260954/tools/bin/../lib/gcc/arm-none-eabi/10.3.1/thumb/v7-m/nofp/crtbegin.o
 *(.init)
 .init          0x0000000008006434        0x4 c:/st/stm32cubeide_1.11.2/stm32cubeide/plugins/com.st.stm32cube.ide.mcu.externaltools.gnu-tools-for-stm32.10.3-2021.10.win32_1.0.100.202210260954/tools/bin/../lib/gcc/arm-none-eabi/10.3.1/thumb/v7-m/nofp/crti.o
                0x0000000008006434                _init
 .init          0x0000000008006438        0x8 c:/st/stm32cubeide_1.11.2/stm32cubeide/plugins/com.st.stm32cube.ide.mcu.externaltools.gnu-tools-for-stm32.10.3-2021.10.win32_1.0.100.202210260954/tools/bin/../lib/gcc/arm-none-eabi/10.3.1/thumb/v7-m/nofp/crtn.o
 *(.fini)
 .fini          0x0000000008006440        0x4 c:/st/stm32cubeide_1.11.2/stm32cubeide/plugins/com.st.stm32cube.ide.mcu.externaltools.gnu-tools-for-stm32.10.3-2021.10.win32_1.0.100.202210260954/tools/bin/../lib/gcc/arm-none-eabi/10.3.1/thumb/v7-m/nofp/crti.o
                0x0000000008006440                _fini
 .fini          0x0000000008006444        0x8 c:/st/stm32cubeide_1.11.2/stm32cubeide/plugins/com.st.stm32cube.ide.mcu.externaltools.gnu-tools-for-stm32.10.3-2021.10.win32_1.0.100.202210260954/tools/bin/../lib/gcc/arm-none-eabi/10.3.1/thumb/v7-m/nofp/crtn.o
                0x000000000800644c                . = ALIGN (0x4)
                0x000000000800644c                _etext = .

.vfp11_veneer   0x000000000800644c        0x0
 .vfp11_veneer  0x000000000800644c        0x0 linker stubs

.v4_bx          0x000000000800644c        0x0
 .v4_bx         0x000000000800644c        0x0 linker stubs

.iplt           0x000000000800644c        0x0
 .iplt          0x000000000800644c        0x0 c:/st/stm32cubeide_1.11.2/stm32cubeide/plugins/com.st.stm32cube.ide.mcu.externaltools.gnu-tools-for-stm32.10.3-2021.10.win32_1.0.100.202210260954/tools/bin/../lib/gcc/arm-none-eabi/10.3.1/thumb/v7-m/nofp/crtbegin.o

.rodata         0x000000000800644c      0x6c0
                0x000000000800644c                . = ALIGN (0x4)
 *(.rodata)
 .rodata        0x000000000800644c       0xfd ./Core/Src/main.o
 *fill*         0x0000000008006549        0x3 
 .rodata        0x000000000800654c       0x10 ./Drivers/STM32F1xx_HAL_Driver/Src/stm32f1xx_hal_rcc.o
 .rodata        0x000000000800655c       0x48 ./Middlewares/Third_Party/FatFs/src/ff.o
 *(.rodata*)
 .rodata.AHBPrescTable
                0x00000000080065a4       0x10 ./Core/Src/system_stm32f1xx.o
                0x00000000080065a4                AHBPrescTable
 .rodata.APBPrescTable
                0x00000000080065b4        0x8 ./Core/Src/system_stm32f1xx.o
                0x00000000080065b4                APBPrescTable
 .rodata.ExCvt  0x00000000080065bc       0x80 ./Middlewares/Third_Party/FatFs/src/ff.o
 .rodata.LfnOfs
                0x000000000800663c        0xd ./Middlewares/Third_Party/FatFs/src/ff.o
 *fill*         0x0000000008006649        0x3 
 .rodata.Tbl    0x000000000800664c      0x100 ./Middlewares/Third_Party/FatFs/src/option/ccsbcs.o
 .rodata.tbl_lower.1
                0x000000000800674c      0x1e0 ./Middlewares/Third_Party/FatFs/src/option/ccsbcs.o
 .rodata.tbl_upper.0
                0x000000000800692c      0x1e0 ./Middlewares/Third_Party/FatFs/src/option/ccsbcs.o
                0x0000000008006b0c                . = ALIGN (0x4)

.rel.dyn        0x0000000008006b0c        0x0
 .rel.iplt      0x0000000008006b0c        0x0 c:/st/stm32cubeide_1.11.2/stm32cubeide/plugins/com.st.stm32cube.ide.mcu.externaltools.gnu-tools-for-stm32.10.3-2021.10.win32_1.0.100.202210260954/tools/bin/../lib/gcc/arm-none-eabi/10.3.1/thumb/v7-m/nofp/crtbegin.o

.ARM.extab      0x0000000008006b0c        0x0
                0x0000000008006b0c                . = ALIGN (0x4)
 *(.ARM.extab* .gnu.linkonce.armextab.*)
                0x0000000008006b0c                . = ALIGN (0x4)

.ARM            0x0000000008006b0c        0x0
                0x0000000008006b0c                . = ALIGN (0x4)
                0x0000000008006b0c                __exidx_start = .
 *(.ARM.exidx*)
                0x0000000008006b0c                __exidx_end = .
                0x0000000008006b0c                . = ALIGN (0x4)

.preinit_array  0x0000000008006b0c        0x0
                0x0000000008006b0c                . = ALIGN (0x4)
                0x0000000008006b0c                PROVIDE (__preinit_array_start = .)
 *(.preinit_array*)
                0x0000000008006b0c                PROVIDE (__preinit_array_end = .)
                0x0000000008006b0c                . = ALIGN (0x4)

.init_array     0x0000000008006b0c        0x4
                0x0000000008006b0c                . = ALIGN (0x4)
                0x0000000008006b0c                PROVIDE (__init_array_start = .)
 *(SORT_BY_NAME(.init_array.*))
 *(.init_array*)
 .init_array    0x0000000008006b0c        0x4 c:/st/stm32cubeide_1.11.2/stm32cubeide/plugins/com.st.stm32cube.ide.mcu.externaltools.gnu-tools-for-stm32.10.3-2021.10.win32_1.0.100.202210260954/tools/bin/../lib/gcc/arm-none-eabi/10.3.1/thumb/v7-m/nofp/crtbegin.o
                0x0000000008006b10                PROVIDE (__init_array_end = .)
                0x0000000008006b10                . = ALIGN (0x4)

.fini_array     0x0000000008006b10        0x4
                0x0000000008006b10                . = ALIGN (0x4)
                [!provide]                        PROVIDE (__fini_array_start = .)
 *(SORT_BY_NAME(.fini_array.*))
 *(.fini_array*)
 .fini_array    0x0000000008006b10        0x4 c:/st/stm32cubeide_1.11.2/stm32cubeide/plugins/com.st.stm32cube.ide.mcu.externaltools.gnu-tools-for-stm32.10.3-2021.10.win32_1.0.100.202210260954/tools/bin/../lib/gcc/arm-none-eabi/10.3.1/thumb/v7-m/nofp/crtbegin.o
                [!provide]                        PROVIDE (__fini_array_end = .)
                0x0000000008006b14                . = ALIGN (0x4)
                0x0000000008006b14                _sidata = LOADADDR (.data)

.data           0x0000000020000000       0x5c load address 0x0000000008006b14
                0x0000000020000000                . = ALIGN (0x4)
                0x0000000020000000                _sdata = .
 *(.data)
 *(.data*)
 .data.Stat     0x0000000020000000        0x1 ./Core/Src/fatfs_sd.o
 *fill*         0x0000000020000001        0x3 
 .data.password
                0x0000000020000004       0x1a ./Core/Src/main.o
                0x0000000020000004                password
 *fill*         0x000000002000001e        0x2 
 .data.messages
                0x0000000020000020       0x1c ./Core/Src/main.o
                0x0000000020000020                messages
 .data.SystemCoreClock
                0x000000002000003c        0x4 ./Core/Src/system_stm32f1xx.o
                0x000000002000003c                SystemCoreClock
 .data.uwTickPrio
                0x0000000020000040        0x4 ./Drivers/STM32F1xx_HAL_Driver/Src/stm32f1xx_hal.o
                0x0000000020000040                uwTickPrio
 .data.uwTickFreq
                0x0000000020000044        0x1 ./Drivers/STM32F1xx_HAL_Driver/Src/stm32f1xx_hal.o
                0x0000000020000044                uwTickFreq
 *fill*         0x0000000020000045        0x3 
 .data.USER_Driver
                0x0000000020000048       0x14 ./FATFS/Target/user_diskio.o
                0x0000000020000048                USER_Driver
 *(.RamFunc)
 *(.RamFunc*)
                0x000000002000005c                . = ALIGN (0x4)
                0x000000002000005c                _edata = .

.igot.plt       0x000000002000005c        0x0 load address 0x0000000008006b70
 .igot.plt      0x000000002000005c        0x0 c:/st/stm32cubeide_1.11.2/stm32cubeide/plugins/com.st.stm32cube.ide.mcu.externaltools.gnu-tools-for-stm32.10.3-2021.10.win32_1.0.100.202210260954/tools/bin/../lib/gcc/arm-none-eabi/10.3.1/thumb/v7-m/nofp/crtbegin.o
                0x000000002000005c                . = ALIGN (0x4)

.bss            0x000000002000005c     0x2354 load address 0x0000000008006b70
                0x000000002000005c                _sbss = .
                0x000000002000005c                __bss_start__ = _sbss
 *(.bss)
 .bss           0x000000002000005c       0x1c c:/st/stm32cubeide_1.11.2/stm32cubeide/plugins/com.st.stm32cube.ide.mcu.externaltools.gnu-tools-for-stm32.10.3-2021.10.win32_1.0.100.202210260954/tools/bin/../lib/gcc/arm-none-eabi/10.3.1/thumb/v7-m/nofp/crtbegin.o
 *(.bss*)
 .bss.Timer1    0x0000000020000078        0x2 ./Core/Src/fatfs_sd.o
                0x0000000020000078                Timer1
 .bss.Timer2    0x000000002000007a        0x2 ./Core/Src/fatfs_sd.o
                0x000000002000007a                Timer2
 .bss.CardType  0x000000002000007c        0x1 ./Core/Src/fatfs_sd.o
 .bss.PowerFlag
                0x000000002000007d        0x1 ./Core/Src/fatfs_sd.o
 *fill*         0x000000002000007e        0x2 
 .bss.fs        0x0000000020000080     0x1030 ./Core/Src/main.o
                0x0000000020000080                fs
 .bss.file      0x00000000200010b0     0x102c ./Core/Src/main.o
                0x00000000200010b0                file
 .bss.hspi2     0x00000000200020dc       0x58 ./Core/Src/main.o
                0x00000000200020dc                hspi2
 .bss.huart2    0x0000000020002134       0x44 ./Core/Src/main.o
                0x0000000020002134                huart2
 .bss.uwTick    0x0000000020002178        0x4 ./Drivers/STM32F1xx_HAL_Driver/Src/stm32f1xx_hal.o
                0x0000000020002178                uwTick
 .bss.retUSER   0x000000002000217c        0x1 ./FATFS/App/fatfs.o
                0x000000002000217c                retUSER
 *fill*         0x000000002000217d        0x3 
 .bss.USERPath  0x0000000020002180        0x4 ./FATFS/App/fatfs.o
                0x0000000020002180                USERPath
 .bss.FatFs     0x0000000020002184        0x4 ./Middlewares/Third_Party/FatFs/src/ff.o
 .bss.Fsid      0x0000000020002188        0x2 ./Middlewares/Third_Party/FatFs/src/ff.o
 *fill*         0x000000002000218a        0x2 
 .bss.Files     0x000000002000218c       0x18 ./Middlewares/Third_Party/FatFs/src/ff.o
 .bss.LfnBuf    0x00000000200021a4      0x200 ./Middlewares/Third_Party/FatFs/src/ff.o
 .bss.disk      0x00000000200023a4        0xc ./Middlewares/Third_Party/FatFs/src/ff_gen_drv.o
                0x00000000200023a4                disk
 *(COMMON)
                0x00000000200023b0                . = ALIGN (0x4)
                0x00000000200023b0                _ebss = .
                0x00000000200023b0                __bss_end__ = _ebss

._user_heap_stack
                0x00000000200023b0      0x600 load address 0x0000000008006b70
                0x00000000200023b0                . = ALIGN (0x8)
                [!provide]                        PROVIDE (end = .)
                0x00000000200023b0                PROVIDE (_end = .)
                0x00000000200025b0                . = (. + _Min_Heap_Size)
 *fill*         0x00000000200023b0      0x200 
                0x00000000200029b0                . = (. + _Min_Stack_Size)
 *fill*         0x00000000200025b0      0x400 
                0x00000000200029b0                . = ALIGN (0x8)

/DISCARD/
 libc.a(*)
 libm.a(*)
 libgcc.a(*)

.ARM.attributes
                0x0000000000000000       0x29
 *(.ARM.attributes)
 .ARM.attributes
                0x0000000000000000       0x1d c:/st/stm32cubeide_1.11.2/stm32cubeide/plugins/com.st.stm32cube.ide.mcu.externaltools.gnu-tools-for-stm32.10.3-2021.10.win32_1.0.100.202210260954/tools/bin/../lib/gcc/arm-none-eabi/10.3.1/thumb/v7-m/nofp/crti.o
 .ARM.attributes
                0x000000000000001d       0x2d c:/st/stm32cubeide_1.11.2/stm32cubeide/plugins/com.st.stm32cube.ide.mcu.externaltools.gnu-tools-for-stm32.10.3-2021.10.win32_1.0.100.202210260954/tools/bin/../lib/gcc/arm-none-eabi/10.3.1/thumb/v7-m/nofp/crtbegin.o
 .ARM.attributes
                0x000000000000004a       0x2d ./Core/Src/fatfs_sd.o
 .ARM.attributes
                0x0000000000000077       0x2d ./Core/Src/main.o
 .ARM.attributes
                0x00000000000000a4       0x2d ./Core/Src/stm32f1xx_hal_msp.o
 .ARM.attributes
                0x00000000000000d1       0x2d ./Core/Src/stm32f1xx_it.o
 .ARM.attributes
                0x00000000000000fe       0x2d ./Core/Src/system_stm32f1xx.o
 .ARM.attributes
                0x000000000000012b       0x21 ./Core/Startup/startup_stm32f103rbtx.o
 .ARM.attributes
                0x000000000000014c       0x2d ./Drivers/STM32F1xx_HAL_Driver/Src/stm32f1xx_hal.o
 .ARM.attributes
                0x0000000000000179       0x2d ./Drivers/STM32F1xx_HAL_Driver/Src/stm32f1xx_hal_cortex.o
 .ARM.attributes
                0x00000000000001a6       0x2d ./Drivers/STM32F1xx_HAL_Driver/Src/stm32f1xx_hal_gpio.o
 .ARM.attributes
                0x00000000000001d3       0x2d ./Drivers/STM32F1xx_HAL_Driver/Src/stm32f1xx_hal_rcc.o
 .ARM.attributes
                0x0000000000000200       0x2d ./Drivers/STM32F1xx_HAL_Driver/Src/stm32f1xx_hal_spi.o
 .ARM.attributes
                0x000000000000022d       0x2d ./Drivers/STM32F1xx_HAL_Driver/Src/stm32f1xx_hal_uart.o
 .ARM.attributes
                0x000000000000025a       0x2d ./FATFS/App/fatfs.o
 .ARM.attributes
                0x0000000000000287       0x2d ./FATFS/Target/user_diskio.o
 .ARM.attributes
                0x00000000000002b4       0x2d ./Middlewares/Third_Party/FatFs/src/diskio.o
 .ARM.attributes
                0x00000000000002e1       0x2d ./Middlewares/Third_Party/FatFs/src/ff.o
 .ARM.attributes
                0x000000000000030e       0x2d ./Middlewares/Third_Party/FatFs/src/ff_gen_drv.o
 .ARM.attributes
                0x000000000000033b       0x2d ./Middlewares/Third_Party/FatFs/src/option/ccsbcs.o
 .ARM.attributes
                0x0000000000000368       0x2d c:/st/stm32cubeide_1.11.2/stm32cubeide/plugins/com.st.stm32cube.ide.mcu.externaltools.gnu-tools-for-stm32.10.3-2021.10.win32_1.0.100.202210260954/tools/bin/../lib/gcc/arm-none-eabi/10.3.1/../../../../arm-none-eabi/lib/thumb/v7-m/nofp\libc_nano.a(lib_a-init.o)
 .ARM.attributes
                0x0000000000000395       0x2d c:/st/stm32cubeide_1.11.2/stm32cubeide/plugins/com.st.stm32cube.ide.mcu.externaltools.gnu-tools-for-stm32.10.3-2021.10.win32_1.0.100.202210260954/tools/bin/../lib/gcc/arm-none-eabi/10.3.1/../../../../arm-none-eabi/lib/thumb/v7-m/nofp\libc_nano.a(lib_a-memset.o)
 .ARM.attributes
                0x00000000000003c2       0x1b c:/st/stm32cubeide_1.11.2/stm32cubeide/plugins/com.st.stm32cube.ide.mcu.externaltools.gnu-tools-for-stm32.10.3-2021.10.win32_1.0.100.202210260954/tools/bin/../lib/gcc/arm-none-eabi/10.3.1/../../../../arm-none-eabi/lib/thumb/v7-m/nofp\libc_nano.a(lib_a-strcmp.o)
 .ARM.attributes
                0x00000000000003dd       0x17 c:/st/stm32cubeide_1.11.2/stm32cubeide/plugins/com.st.stm32cube.ide.mcu.externaltools.gnu-tools-for-stm32.10.3-2021.10.win32_1.0.100.202210260954/tools/bin/../lib/gcc/arm-none-eabi/10.3.1/../../../../arm-none-eabi/lib/thumb/v7-m/nofp\libc_nano.a(lib_a-strlen.o)
 .ARM.attributes
                0x00000000000003f4       0x1d c:/st/stm32cubeide_1.11.2/stm32cubeide/plugins/com.st.stm32cube.ide.mcu.externaltools.gnu-tools-for-stm32.10.3-2021.10.win32_1.0.100.202210260954/tools/bin/../lib/gcc/arm-none-eabi/10.3.1/thumb/v7-m/nofp/crtn.o
OUTPUT(sdcard.elf elf32-littlearm)
LOAD linker stubs
LOAD c:/st/stm32cubeide_1.11.2/stm32cubeide/plugins/com.st.stm32cube.ide.mcu.externaltools.gnu-tools-for-stm32.10.3-2021.10.win32_1.0.100.202210260954/tools/bin/../lib/gcc/arm-none-eabi/10.3.1/../../../../arm-none-eabi/lib/thumb/v7-m/nofp\libc.a
LOAD c:/st/stm32cubeide_1.11.2/stm32cubeide/plugins/com.st.stm32cube.ide.mcu.externaltools.gnu-tools-for-stm32.10.3-2021.10.win32_1.0.100.202210260954/tools/bin/../lib/gcc/arm-none-eabi/10.3.1/../../../../arm-none-eabi/lib/thumb/v7-m/nofp\libm.a
LOAD c:/st/stm32cubeide_1.11.2/stm32cubeide/plugins/com.st.stm32cube.ide.mcu.externaltools.gnu-tools-for-stm32.10.3-2021.10.win32_1.0.100.202210260954/tools/bin/../lib/gcc/arm-none-eabi/10.3.1/thumb/v7-m/nofp\libgcc.a

.debug_info     0x0000000000000000     0xb577
 .debug_info    0x0000000000000000      0xc50 ./Core/Src/fatfs_sd.o
 .debug_info    0x0000000000000c50     0x13b8 ./Core/Src/main.o
 .debug_info    0x0000000000002008      0xb49 ./Core/Src/stm32f1xx_hal_msp.o
 .debug_info    0x0000000000002b51      0x176 ./Core/Src/stm32f1xx_it.o
 .debug_info    0x0000000000002cc7      0x23d ./Core/Src/system_stm32f1xx.o
 .debug_info    0x0000000000002f04       0x22 ./Core/Startup/startup_stm32f103rbtx.o
 .debug_info    0x0000000000002f26      0x734 ./Drivers/STM32F1xx_HAL_Driver/Src/stm32f1xx_hal.o
 .debug_info    0x000000000000365a      0xb20 ./Drivers/STM32F1xx_HAL_Driver/Src/stm32f1xx_hal_cortex.o
 .debug_info    0x000000000000417a      0x615 ./Drivers/STM32F1xx_HAL_Driver/Src/stm32f1xx_hal_gpio.o
 .debug_info    0x000000000000478f      0x860 ./Drivers/STM32F1xx_HAL_Driver/Src/stm32f1xx_hal_rcc.o
 .debug_info    0x0000000000004fef     0x1658 ./Drivers/STM32F1xx_HAL_Driver/Src/stm32f1xx_hal_spi.o
 .debug_info    0x0000000000006647     0x15d8 ./Drivers/STM32F1xx_HAL_Driver/Src/stm32f1xx_hal_uart.o
 .debug_info    0x0000000000007c1f      0x52d ./FATFS/App/fatfs.o
 .debug_info    0x000000000000814c      0x3dc ./FATFS/Target/user_diskio.o
 .debug_info    0x0000000000008528      0x40d ./Middlewares/Third_Party/FatFs/src/diskio.o
 .debug_info    0x0000000000008935     0x2721 ./Middlewares/Third_Party/FatFs/src/ff.o
 .debug_info    0x000000000000b056      0x3a4 ./Middlewares/Third_Party/FatFs/src/ff_gen_drv.o
 .debug_info    0x000000000000b3fa      0x17d ./Middlewares/Third_Party/FatFs/src/option/ccsbcs.o

.debug_abbrev   0x0000000000000000     0x219f
 .debug_abbrev  0x0000000000000000      0x2ec ./Core/Src/fatfs_sd.o
 .debug_abbrev  0x00000000000002ec      0x352 ./Core/Src/main.o
 .debug_abbrev  0x000000000000063e      0x194 ./Core/Src/stm32f1xx_hal_msp.o
 .debug_abbrev  0x00000000000007d2       0xb2 ./Core/Src/stm32f1xx_it.o
 .debug_abbrev  0x0000000000000884      0x13b ./Core/Src/system_stm32f1xx.o
 .debug_abbrev  0x00000000000009bf       0x12 ./Core/Startup/startup_stm32f103rbtx.o
 .debug_abbrev  0x00000000000009d1      0x1fb ./Drivers/STM32F1xx_HAL_Driver/Src/stm32f1xx_hal.o
 .debug_abbrev  0x0000000000000bcc      0x2ed ./Drivers/STM32F1xx_HAL_Driver/Src/stm32f1xx_hal_cortex.o
 .debug_abbrev  0x0000000000000eb9      0x1bb ./Drivers/STM32F1xx_HAL_Driver/Src/stm32f1xx_hal_gpio.o
 .debug_abbrev  0x0000000000001074      0x2a8 ./Drivers/STM32F1xx_HAL_Driver/Src/stm32f1xx_hal_rcc.o
 .debug_abbrev  0x000000000000131c      0x26e ./Drivers/STM32F1xx_HAL_Driver/Src/stm32f1xx_hal_spi.o
 .debug_abbrev  0x000000000000158a      0x278 ./Drivers/STM32F1xx_HAL_Driver/Src/stm32f1xx_hal_uart.o
 .debug_abbrev  0x0000000000001802      0x19a ./FATFS/App/fatfs.o
 .debug_abbrev  0x000000000000199c      0x155 ./FATFS/Target/user_diskio.o
 .debug_abbrev  0x0000000000001af1      0x178 ./Middlewares/Third_Party/FatFs/src/diskio.o
 .debug_abbrev  0x0000000000001c69      0x2cd ./Middlewares/Third_Party/FatFs/src/ff.o
 .debug_abbrev  0x0000000000001f36      0x196 ./Middlewares/Third_Party/FatFs/src/ff_gen_drv.o
 .debug_abbrev  0x00000000000020cc       0xd3 ./Middlewares/Third_Party/FatFs/src/option/ccsbcs.o

.debug_aranges  0x0000000000000000      0xbb0
 .debug_aranges
                0x0000000000000000       0xa8 ./Core/Src/fatfs_sd.o
 .debug_aranges
                0x00000000000000a8       0x50 ./Core/Src/main.o
 .debug_aranges
                0x00000000000000f8       0x40 ./Core/Src/stm32f1xx_hal_msp.o
 .debug_aranges
                0x0000000000000138       0x68 ./Core/Src/stm32f1xx_it.o
 .debug_aranges
                0x00000000000001a0       0x28 ./Core/Src/system_stm32f1xx.o
 .debug_aranges
                0x00000000000001c8       0x28 ./Core/Startup/startup_stm32f103rbtx.o
 .debug_aranges
                0x00000000000001f0       0xe0 ./Drivers/STM32F1xx_HAL_Driver/Src/stm32f1xx_hal.o
 .debug_aranges
                0x00000000000002d0      0x100 ./Drivers/STM32F1xx_HAL_Driver/Src/stm32f1xx_hal_cortex.o
 .debug_aranges
                0x00000000000003d0       0x58 ./Drivers/STM32F1xx_HAL_Driver/Src/stm32f1xx_hal_gpio.o
 .debug_aranges
                0x0000000000000428       0x90 ./Drivers/STM32F1xx_HAL_Driver/Src/stm32f1xx_hal_rcc.o
 .debug_aranges
                0x00000000000004b8      0x1d0 ./Drivers/STM32F1xx_HAL_Driver/Src/stm32f1xx_hal_spi.o
 .debug_aranges
                0x0000000000000688      0x200 ./Drivers/STM32F1xx_HAL_Driver/Src/stm32f1xx_hal_uart.o
 .debug_aranges
                0x0000000000000888       0x28 ./FATFS/App/fatfs.o
 .debug_aranges
                0x00000000000008b0       0x40 ./FATFS/Target/user_diskio.o
 .debug_aranges
                0x00000000000008f0       0x48 ./Middlewares/Third_Party/FatFs/src/diskio.o
 .debug_aranges
                0x0000000000000938      0x210 ./Middlewares/Third_Party/FatFs/src/ff.o
 .debug_aranges
                0x0000000000000b48       0x40 ./Middlewares/Third_Party/FatFs/src/ff_gen_drv.o
 .debug_aranges
                0x0000000000000b88       0x28 ./Middlewares/Third_Party/FatFs/src/option/ccsbcs.o

.debug_ranges   0x0000000000000000      0xac8
 .debug_ranges  0x0000000000000000       0x98 ./Core/Src/fatfs_sd.o
 .debug_ranges  0x0000000000000098       0x40 ./Core/Src/main.o
 .debug_ranges  0x00000000000000d8       0x30 ./Core/Src/stm32f1xx_hal_msp.o
 .debug_ranges  0x0000000000000108       0x58 ./Core/Src/stm32f1xx_it.o
 .debug_ranges  0x0000000000000160       0x18 ./Core/Src/system_stm32f1xx.o
 .debug_ranges  0x0000000000000178       0x20 ./Core/Startup/startup_stm32f103rbtx.o
 .debug_ranges  0x0000000000000198       0xd0 ./Drivers/STM32F1xx_HAL_Driver/Src/stm32f1xx_hal.o
 .debug_ranges  0x0000000000000268       0xf0 ./Drivers/STM32F1xx_HAL_Driver/Src/stm32f1xx_hal_cortex.o
 .debug_ranges  0x0000000000000358       0x48 ./Drivers/STM32F1xx_HAL_Driver/Src/stm32f1xx_hal_gpio.o
 .debug_ranges  0x00000000000003a0       0x80 ./Drivers/STM32F1xx_HAL_Driver/Src/stm32f1xx_hal_rcc.o
 .debug_ranges  0x0000000000000420      0x1c0 ./Drivers/STM32F1xx_HAL_Driver/Src/stm32f1xx_hal_spi.o
 .debug_ranges  0x00000000000005e0      0x220 ./Drivers/STM32F1xx_HAL_Driver/Src/stm32f1xx_hal_uart.o
 .debug_ranges  0x0000000000000800       0x18 ./FATFS/App/fatfs.o
 .debug_ranges  0x0000000000000818       0x30 ./FATFS/Target/user_diskio.o
 .debug_ranges  0x0000000000000848       0x38 ./Middlewares/Third_Party/FatFs/src/diskio.o
 .debug_ranges  0x0000000000000880      0x200 ./Middlewares/Third_Party/FatFs/src/ff.o
 .debug_ranges  0x0000000000000a80       0x30 ./Middlewares/Third_Party/FatFs/src/ff_gen_drv.o
 .debug_ranges  0x0000000000000ab0       0x18 ./Middlewares/Third_Party/FatFs/src/option/ccsbcs.o

.debug_macro    0x0000000000000000    0x17f40
 .debug_macro   0x0000000000000000      0x1cb ./Core/Src/fatfs_sd.o
 .debug_macro   0x00000000000001cb      0xa6c ./Core/Src/fatfs_sd.o
 .debug_macro   0x0000000000000c37      0x21b ./Core/Src/fatfs_sd.o
 .debug_macro   0x0000000000000e52       0x2e ./Core/Src/fatfs_sd.o
 .debug_macro   0x0000000000000e80       0x22 ./Core/Src/fatfs_sd.o
 .debug_macro   0x0000000000000ea2       0x22 ./Core/Src/fatfs_sd.o
 .debug_macro   0x0000000000000ec4       0x8e ./Core/Src/fatfs_sd.o
 .debug_macro   0x0000000000000f52       0x51 ./Core/Src/fatfs_sd.o
 .debug_macro   0x0000000000000fa3      0x103 ./Core/Src/fatfs_sd.o
 .debug_macro   0x00000000000010a6       0x6a ./Core/Src/fatfs_sd.o
 .debug_macro   0x0000000000001110      0x1df ./Core/Src/fatfs_sd.o
 .debug_macro   0x00000000000012ef       0x1c ./Core/Src/fatfs_sd.o
 .debug_macro   0x000000000000130b       0x22 ./Core/Src/fatfs_sd.o
 .debug_macro   0x000000000000132d       0xbd ./Core/Src/fatfs_sd.o
 .debug_macro   0x00000000000013ea      0xd23 ./Core/Src/fatfs_sd.o
 .debug_macro   0x000000000000210d     0xe09e ./Core/Src/fatfs_sd.o
 .debug_macro   0x00000000000101ab       0x6d ./Core/Src/fatfs_sd.o
 .debug_macro   0x0000000000010218     0x3468 ./Core/Src/fatfs_sd.o
 .debug_macro   0x0000000000013680      0x174 ./Core/Src/fatfs_sd.o
 .debug_macro   0x00000000000137f4       0x5c ./Core/Src/fatfs_sd.o
 .debug_macro   0x0000000000013850      0x5be ./Core/Src/fatfs_sd.o
 .debug_macro   0x0000000000013e0e      0x289 ./Core/Src/fatfs_sd.o
 .debug_macro   0x0000000000014097      0x1cb ./Core/Src/fatfs_sd.o
 .debug_macro   0x0000000000014262      0x114 ./Core/Src/fatfs_sd.o
 .debug_macro   0x0000000000014376      0x1b2 ./Core/Src/fatfs_sd.o
 .debug_macro   0x0000000000014528       0x27 ./Core/Src/fatfs_sd.o
 .debug_macro   0x000000000001454f      0x136 ./Core/Src/fatfs_sd.o
 .debug_macro   0x0000000000014685      0x1bc ./Core/Src/fatfs_sd.o
 .debug_macro   0x0000000000014841       0x34 ./Core/Src/fatfs_sd.o
 .debug_macro   0x0000000000014875       0x3c ./Core/Src/fatfs_sd.o
 .debug_macro   0x00000000000148b1       0x57 ./Core/Src/fatfs_sd.o
 .debug_macro   0x0000000000014908       0x88 ./Core/Src/fatfs_sd.o
 .debug_macro   0x0000000000014990      0x241 ./Core/Src/fatfs_sd.o
 .debug_macro   0x0000000000014bd1      0x141 ./Core/Src/fatfs_sd.o
 .debug_macro   0x0000000000014d12      0x217 ./Core/Src/fatfs_sd.o
 .debug_macro   0x0000000000014f29      0x279 ./Core/Src/fatfs_sd.o
 .debug_macro   0x00000000000151a2       0x83 ./Core/Src/fatfs_sd.o
 .debug_macro   0x0000000000015225       0x16 ./Core/Src/fatfs_sd.o
 .debug_macro   0x000000000001523b       0x7c ./Core/Src/fatfs_sd.o
 .debug_macro   0x00000000000152b7       0x9a ./Core/Src/fatfs_sd.o
 .debug_macro   0x0000000000015351      0x2c2 ./Core/Src/main.o
 .debug_macro   0x0000000000015613       0x76 ./Core/Src/main.o
 .debug_macro   0x0000000000015689       0xde ./Core/Src/main.o
 .debug_macro   0x0000000000015767       0xf5 ./Core/Src/main.o
 .debug_macro   0x000000000001585c       0x8e ./Core/Src/main.o
 .debug_macro   0x00000000000158ea       0x52 ./Core/Src/main.o
 .debug_macro   0x000000000001593c       0x18 ./Core/Src/main.o
 .debug_macro   0x0000000000015954       0x3c ./Core/Src/main.o
 .debug_macro   0x0000000000015990       0x34 ./Core/Src/main.o
 .debug_macro   0x00000000000159c4       0x16 ./Core/Src/main.o
 .debug_macro   0x00000000000159da       0x43 ./Core/Src/main.o
 .debug_macro   0x0000000000015a1d       0x34 ./Core/Src/main.o
 .debug_macro   0x0000000000015a51       0x10 ./Core/Src/main.o
 .debug_macro   0x0000000000015a61       0x58 ./Core/Src/main.o
 .debug_macro   0x0000000000015ab9       0x71 ./Core/Src/main.o
 .debug_macro   0x0000000000015b2a       0x1c ./Core/Src/main.o
 .debug_macro   0x0000000000015b46      0x12a ./Core/Src/main.o
 .debug_macro   0x0000000000015c70      0x341 ./Core/Src/main.o
 .debug_macro   0x0000000000015fb1       0x10 ./Core/Src/main.o
 .debug_macro   0x0000000000015fc1       0x35 ./Core/Src/main.o
 .debug_macro   0x0000000000015ff6       0x20 ./Core/Src/main.o
 .debug_macro   0x0000000000016016      0x1a7 ./Core/Src/stm32f1xx_hal_msp.o
 .debug_macro   0x00000000000161bd      0x1b1 ./Core/Src/stm32f1xx_it.o
 .debug_macro   0x000000000001636e      0x198 ./Core/Src/system_stm32f1xx.o
 .debug_macro   0x0000000000016506      0x1bc ./Drivers/STM32F1xx_HAL_Driver/Src/stm32f1xx_hal.o
 .debug_macro   0x00000000000166c2      0x198 ./Drivers/STM32F1xx_HAL_Driver/Src/stm32f1xx_hal_cortex.o
 .debug_macro   0x000000000001685a      0x203 ./Drivers/STM32F1xx_HAL_Driver/Src/stm32f1xx_hal_gpio.o
 .debug_macro   0x0000000000016a5d      0x1aa ./Drivers/STM32F1xx_HAL_Driver/Src/stm32f1xx_hal_rcc.o
 .debug_macro   0x0000000000016c07      0x1a0 ./Drivers/STM32F1xx_HAL_Driver/Src/stm32f1xx_hal_spi.o
 .debug_macro   0x0000000000016da7      0x199 ./Drivers/STM32F1xx_HAL_Driver/Src/stm32f1xx_hal_uart.o
 .debug_macro   0x0000000000016f40      0x1fa ./FATFS/App/fatfs.o
 .debug_macro   0x000000000001713a       0xd8 ./FATFS/App/fatfs.o
 .debug_macro   0x0000000000017212      0x2af ./FATFS/Target/user_diskio.o
 .debug_macro   0x00000000000174c1       0x56 ./FATFS/Target/user_diskio.o
 .debug_macro   0x0000000000017517      0x1e7 ./Middlewares/Third_Party/FatFs/src/diskio.o
 .debug_macro   0x00000000000176fe      0x42e ./Middlewares/Third_Party/FatFs/src/ff.o
 .debug_macro   0x0000000000017b2c       0x58 ./Middlewares/Third_Party/FatFs/src/ff.o
 .debug_macro   0x0000000000017b84      0x1e7 ./Middlewares/Third_Party/FatFs/src/ff_gen_drv.o
 .debug_macro   0x0000000000017d6b      0x1d5 ./Middlewares/Third_Party/FatFs/src/option/ccsbcs.o

.debug_line     0x0000000000000000     0xea6e
 .debug_line    0x0000000000000000      0xd74 ./Core/Src/fatfs_sd.o
 .debug_line    0x0000000000000d74      0xa33 ./Core/Src/main.o
 .debug_line    0x00000000000017a7      0x6fc ./Core/Src/stm32f1xx_hal_msp.o
 .debug_line    0x0000000000001ea3      0x74c ./Core/Src/stm32f1xx_it.o
 .debug_line    0x00000000000025ef      0x6de ./Core/Src/system_stm32f1xx.o
 .debug_line    0x0000000000002ccd       0x87 ./Core/Startup/startup_stm32f103rbtx.o
 .debug_line    0x0000000000002d54      0x90b ./Drivers/STM32F1xx_HAL_Driver/Src/stm32f1xx_hal.o
 .debug_line    0x000000000000365f      0xaf3 ./Drivers/STM32F1xx_HAL_Driver/Src/stm32f1xx_hal_cortex.o
 .debug_line    0x0000000000004152      0x9a2 ./Drivers/STM32F1xx_HAL_Driver/Src/stm32f1xx_hal_gpio.o
 .debug_line    0x0000000000004af4      0xd19 ./Drivers/STM32F1xx_HAL_Driver/Src/stm32f1xx_hal_rcc.o
 .debug_line    0x000000000000580d     0x1b90 ./Drivers/STM32F1xx_HAL_Driver/Src/stm32f1xx_hal_spi.o
 .debug_line    0x000000000000739d     0x19e6 ./Drivers/STM32F1xx_HAL_Driver/Src/stm32f1xx_hal_uart.o
 .debug_line    0x0000000000008d83      0x6fb ./FATFS/App/fatfs.o
 .debug_line    0x000000000000947e      0x87e ./FATFS/Target/user_diskio.o
 .debug_line    0x0000000000009cfc      0x76c ./Middlewares/Third_Party/FatFs/src/diskio.o
 .debug_line    0x000000000000a468     0x3710 ./Middlewares/Third_Party/FatFs/src/ff.o
 .debug_line    0x000000000000db78      0x789 ./Middlewares/Third_Party/FatFs/src/ff_gen_drv.o
 .debug_line    0x000000000000e301      0x76d ./Middlewares/Third_Party/FatFs/src/option/ccsbcs.o

.debug_str      0x0000000000000000    0x84600
 .debug_str     0x0000000000000000    0x7df7b ./Core/Src/fatfs_sd.o
                                      0x7e341 (size before relaxing)
 .debug_str     0x000000000007df7b     0x3f38 ./Core/Src/main.o
                                      0x81fe4 (size before relaxing)
 .debug_str     0x0000000000081eb3       0xbb ./Core/Src/stm32f1xx_hal_msp.o
                                      0x7e273 (size before relaxing)
 .debug_str     0x0000000000081f6e       0xf7 ./Core/Src/stm32f1xx_it.o
                                      0x7dcd0 (size before relaxing)
 .debug_str     0x0000000000082065       0x7e ./Core/Src/system_stm32f1xx.o
                                      0x7dabe (size before relaxing)
 .debug_str     0x00000000000820e3       0x36 ./Core/Startup/startup_stm32f103rbtx.o
                                         0x70 (size before relaxing)
 .debug_str     0x0000000000082119      0x37a ./Drivers/STM32F1xx_HAL_Driver/Src/stm32f1xx_hal.o
                                      0x7e1f1 (size before relaxing)
 .debug_str     0x0000000000082493      0x2a8 ./Drivers/STM32F1xx_HAL_Driver/Src/stm32f1xx_hal_cortex.o
                                      0x7e13d (size before relaxing)
 .debug_str     0x000000000008273b      0x2cd ./Drivers/STM32F1xx_HAL_Driver/Src/stm32f1xx_hal_gpio.o
                                      0x7de44 (size before relaxing)
 .debug_str     0x0000000000082a08      0x229 ./Drivers/STM32F1xx_HAL_Driver/Src/stm32f1xx_hal_rcc.o
                                      0x7deed (size before relaxing)
 .debug_str     0x0000000000082c31      0x543 ./Drivers/STM32F1xx_HAL_Driver/Src/stm32f1xx_hal_spi.o
                                      0x7e3ea (size before relaxing)
 .debug_str     0x0000000000083174      0x5d5 ./Drivers/STM32F1xx_HAL_Driver/Src/stm32f1xx_hal_uart.o
                                      0x7e4f8 (size before relaxing)
 .debug_str     0x0000000000083749       0x74 ./FATFS/App/fatfs.o
                                      0x7e529 (size before relaxing)
 .debug_str     0x00000000000837bd       0x5a ./FATFS/Target/user_diskio.o
                                      0x812a9 (size before relaxing)
 .debug_str     0x0000000000083817       0x52 ./Middlewares/Third_Party/FatFs/src/diskio.o
                                      0x7e44f (size before relaxing)
 .debug_str     0x0000000000083869      0xcb3 ./Middlewares/Third_Party/FatFs/src/ff.o
                                      0x7f30d (size before relaxing)
 .debug_str     0x000000000008451c       0x91 ./Middlewares/Third_Party/FatFs/src/ff_gen_drv.o
                                      0x7e4a0 (size before relaxing)
 .debug_str     0x00000000000845ad       0x53 ./Middlewares/Third_Party/FatFs/src/option/ccsbcs.o
                                      0x7e22e (size before relaxing)

.comment        0x0000000000000000       0x50
 .comment       0x0000000000000000       0x50 ./Core/Src/fatfs_sd.o
                                         0x51 (size before relaxing)
 .comment       0x0000000000000050       0x51 ./Core/Src/main.o
 .comment       0x0000000000000050       0x51 ./Core/Src/stm32f1xx_hal_msp.o
 .comment       0x0000000000000050       0x51 ./Core/Src/stm32f1xx_it.o
 .comment       0x0000000000000050       0x51 ./Core/Src/system_stm32f1xx.o
 .comment       0x0000000000000050       0x51 ./Drivers/STM32F1xx_HAL_Driver/Src/stm32f1xx_hal.o
 .comment       0x0000000000000050       0x51 ./Drivers/STM32F1xx_HAL_Driver/Src/stm32f1xx_hal_cortex.o
 .comment       0x0000000000000050       0x51 ./Drivers/STM32F1xx_HAL_Driver/Src/stm32f1xx_hal_gpio.o
 .comment       0x0000000000000050       0x51 ./Drivers/STM32F1xx_HAL_Driver/Src/stm32f1xx_hal_rcc.o
 .comment       0x0000000000000050       0x51 ./Drivers/STM32F1xx_HAL_Driver/Src/stm32f1xx_hal_spi.o
 .comment       0x0000000000000050       0x51 ./Drivers/STM32F1xx_HAL_Driver/Src/stm32f1xx_hal_uart.o
 .comment       0x0000000000000050       0x51 ./FATFS/App/fatfs.o
 .comment       0x0000000000000050       0x51 ./FATFS/Target/user_diskio.o
 .comment       0x0000000000000050       0x51 ./Middlewares/Third_Party/FatFs/src/diskio.o
 .comment       0x0000000000000050       0x51 ./Middlewares/Third_Party/FatFs/src/ff.o
 .comment       0x0000000000000050       0x51 ./Middlewares/Third_Party/FatFs/src/ff_gen_drv.o
 .comment       0x0000000000000050       0x51 ./Middlewares/Third_Party/FatFs/src/option/ccsbcs.o

.debug_frame    0x0000000000000000     0x2ef4
 .debug_frame   0x0000000000000000      0x28c ./Core/Src/fatfs_sd.o
 .debug_frame   0x000000000000028c       0xf0 ./Core/Src/main.o
 .debug_frame   0x000000000000037c       0xc8 ./Core/Src/stm32f1xx_hal_msp.o
 .debug_frame   0x0000000000000444      0x120 ./Core/Src/stm32f1xx_it.o
 .debug_frame   0x0000000000000564       0x58 ./Core/Src/system_stm32f1xx.o
 .debug_frame   0x00000000000005bc      0x334 ./Drivers/STM32F1xx_HAL_Driver/Src/stm32f1xx_hal.o
 .debug_frame   0x00000000000008f0      0x428 ./Drivers/STM32F1xx_HAL_Driver/Src/stm32f1xx_hal_cortex.o
 .debug_frame   0x0000000000000d18      0x14c ./Drivers/STM32F1xx_HAL_Driver/Src/stm32f1xx_hal_gpio.o
 .debug_frame   0x0000000000000e64      0x21c ./Drivers/STM32F1xx_HAL_Driver/Src/stm32f1xx_hal_rcc.o
 .debug_frame   0x0000000000001080      0x824 ./Drivers/STM32F1xx_HAL_Driver/Src/stm32f1xx_hal_spi.o
 .debug_frame   0x00000000000018a4      0x914 ./Drivers/STM32F1xx_HAL_Driver/Src/stm32f1xx_hal_uart.o
 .debug_frame   0x00000000000021b8       0x4c ./FATFS/App/fatfs.o
 .debug_frame   0x0000000000002204       0xc4 ./FATFS/Target/user_diskio.o
 .debug_frame   0x00000000000022c8       0xec ./Middlewares/Third_Party/FatFs/src/diskio.o
 .debug_frame   0x00000000000023b4      0x9ac ./Middlewares/Third_Party/FatFs/src/ff.o
 .debug_frame   0x0000000000002d60       0xc8 ./Middlewares/Third_Party/FatFs/src/ff_gen_drv.o
 .debug_frame   0x0000000000002e28       0x60 ./Middlewares/Third_Party/FatFs/src/option/ccsbcs.o
 .debug_frame   0x0000000000002e88       0x2c c:/st/stm32cubeide_1.11.2/stm32cubeide/plugins/com.st.stm32cube.ide.mcu.externaltools.gnu-tools-for-stm32.10.3-2021.10.win32_1.0.100.202210260954/tools/bin/../lib/gcc/arm-none-eabi/10.3.1/../../../../arm-none-eabi/lib/thumb/v7-m/nofp\libc_nano.a(lib_a-init.o)
 .debug_frame   0x0000000000002eb4       0x20 c:/st/stm32cubeide_1.11.2/stm32cubeide/plugins/com.st.stm32cube.ide.mcu.externaltools.gnu-tools-for-stm32.10.3-2021.10.win32_1.0.100.202210260954/tools/bin/../lib/gcc/arm-none-eabi/10.3.1/../../../../arm-none-eabi/lib/thumb/v7-m/nofp\libc_nano.a(lib_a-memset.o)
 .debug_frame   0x0000000000002ed4       0x20 c:/st/stm32cubeide_1.11.2/stm32cubeide/plugins/com.st.stm32cube.ide.mcu.externaltools.gnu-tools-for-stm32.10.3-2021.10.win32_1.0.100.202210260954/tools/bin/../lib/gcc/arm-none-eabi/10.3.1/../../../../arm-none-eabi/lib/thumb/v7-m/nofp\libc_nano.a(lib_a-strcmp.o)
