Archive member included to satisfy reference by file (symbol)

c:/st/stm32cubeide_1.11.2/stm32cubeide/plugins/com.st.stm32cube.ide.mcu.externaltools.gnu-tools-for-stm32.10.3-2021.10.win32_1.0.100.202210260954/tools/bin/../lib/gcc/arm-none-eabi/10.3.1/../../../../arm-none-eabi/lib/thumb/v7-m/nofp\libc_nano.a(lib_a-errno.o)
                              ./Core/Src/syscalls.o (__errno)
c:/st/stm32cubeide_1.11.2/stm32cubeide/plugins/com.st.stm32cube.ide.mcu.externaltools.gnu-tools-for-stm32.10.3-2021.10.win32_1.0.100.202210260954/tools/bin/../lib/gcc/arm-none-eabi/10.3.1/../../../../arm-none-eabi/lib/thumb/v7-m/nofp\libc_nano.a(lib_a-exit.o)
                              c:/st/stm32cubeide_1.11.2/stm32cubeide/plugins/com.st.stm32cube.ide.mcu.externaltools.gnu-tools-for-stm32.10.3-2021.10.win32_1.0.100.202210260954/tools/bin/../lib/gcc/arm-none-eabi/10.3.1/../../../../arm-none-eabi/lib/thumb/v7-m/nofp/crt0.o (exit)
c:/st/stm32cubeide_1.11.2/stm32cubeide/plugins/com.st.stm32cube.ide.mcu.externaltools.gnu-tools-for-stm32.10.3-2021.10.win32_1.0.100.202210260954/tools/bin/../lib/gcc/arm-none-eabi/10.3.1/../../../../arm-none-eabi/lib/thumb/v7-m/nofp\libc_nano.a(lib_a-impure.o)
                              c:/st/stm32cubeide_1.11.2/stm32cubeide/plugins/com.st.stm32cube.ide.mcu.externaltools.gnu-tools-for-stm32.10.3-2021.10.win32_1.0.100.202210260954/tools/bin/../lib/gcc/arm-none-eabi/10.3.1/../../../../arm-none-eabi/lib/thumb/v7-m/nofp\libc_nano.a(lib_a-exit.o) (_global_impure_ptr)
c:/st/stm32cubeide_1.11.2/stm32cubeide/plugins/com.st.stm32cube.ide.mcu.externaltools.gnu-tools-for-stm32.10.3-2021.10.win32_1.0.100.202210260954/tools/bin/../lib/gcc/arm-none-eabi/10.3.1/../../../../arm-none-eabi/lib/thumb/v7-m/nofp\libc_nano.a(lib_a-init.o)
                              c:/st/stm32cubeide_1.11.2/stm32cubeide/plugins/com.st.stm32cube.ide.mcu.externaltools.gnu-tools-for-stm32.10.3-2021.10.win32_1.0.100.202210260954/tools/bin/../lib/gcc/arm-none-eabi/10.3.1/../../../../arm-none-eabi/lib/thumb/v7-m/nofp/crt0.o (__libc_init_array)
c:/st/stm32cubeide_1.11.2/stm32cubeide/plugins/com.st.stm32cube.ide.mcu.externaltools.gnu-tools-for-stm32.10.3-2021.10.win32_1.0.100.202210260954/tools/bin/../lib/gcc/arm-none-eabi/10.3.1/../../../../arm-none-eabi/lib/thumb/v7-m/nofp\libc_nano.a(lib_a-memset.o)
                              c:/st/stm32cubeide_1.11.2/stm32cubeide/plugins/com.st.stm32cube.ide.mcu.externaltools.gnu-tools-for-stm32.10.3-2021.10.win32_1.0.100.202210260954/tools/bin/../lib/gcc/arm-none-eabi/10.3.1/../../../../arm-none-eabi/lib/thumb/v7-m/nofp/crt0.o (memset)
c:/st/stm32cubeide_1.11.2/stm32cubeide/plugins/com.st.stm32cube.ide.mcu.externaltools.gnu-tools-for-stm32.10.3-2021.10.win32_1.0.100.202210260954/tools/bin/../lib/gcc/arm-none-eabi/10.3.1/../../../../arm-none-eabi/lib/thumb/v7-m/nofp\libc_nano.a(lib_a-strcmp.o)
                              ./Core/Src/main.o (strcmp)

Discarded input sections

 .text          0x0000000000000000        0x0 c:/st/stm32cubeide_1.11.2/stm32cubeide/plugins/com.st.stm32cube.ide.mcu.externaltools.gnu-tools-for-stm32.10.3-2021.10.win32_1.0.100.202210260954/tools/bin/../lib/gcc/arm-none-eabi/10.3.1/thumb/v7-m/nofp/crti.o
 .data          0x0000000000000000        0x0 c:/st/stm32cubeide_1.11.2/stm32cubeide/plugins/com.st.stm32cube.ide.mcu.externaltools.gnu-tools-for-stm32.10.3-2021.10.win32_1.0.100.202210260954/tools/bin/../lib/gcc/arm-none-eabi/10.3.1/thumb/v7-m/nofp/crti.o
 .bss           0x0000000000000000        0x0 c:/st/stm32cubeide_1.11.2/stm32cubeide/plugins/com.st.stm32cube.ide.mcu.externaltools.gnu-tools-for-stm32.10.3-2021.10.win32_1.0.100.202210260954/tools/bin/../lib/gcc/arm-none-eabi/10.3.1/thumb/v7-m/nofp/crti.o
 .data          0x0000000000000000        0x4 c:/st/stm32cubeide_1.11.2/stm32cubeide/plugins/com.st.stm32cube.ide.mcu.externaltools.gnu-tools-for-stm32.10.3-2021.10.win32_1.0.100.202210260954/tools/bin/../lib/gcc/arm-none-eabi/10.3.1/thumb/v7-m/nofp/crtbegin.o
 .rodata        0x0000000000000000       0x24 c:/st/stm32cubeide_1.11.2/stm32cubeide/plugins/com.st.stm32cube.ide.mcu.externaltools.gnu-tools-for-stm32.10.3-2021.10.win32_1.0.100.202210260954/tools/bin/../lib/gcc/arm-none-eabi/10.3.1/thumb/v7-m/nofp/crtbegin.o
 .text          0x0000000000000000       0x7c c:/st/stm32cubeide_1.11.2/stm32cubeide/plugins/com.st.stm32cube.ide.mcu.externaltools.gnu-tools-for-stm32.10.3-2021.10.win32_1.0.100.202210260954/tools/bin/../lib/gcc/arm-none-eabi/10.3.1/../../../../arm-none-eabi/lib/thumb/v7-m/nofp/crt0.o
 .data          0x0000000000000000        0x0 c:/st/stm32cubeide_1.11.2/stm32cubeide/plugins/com.st.stm32cube.ide.mcu.externaltools.gnu-tools-for-stm32.10.3-2021.10.win32_1.0.100.202210260954/tools/bin/../lib/gcc/arm-none-eabi/10.3.1/../../../../arm-none-eabi/lib/thumb/v7-m/nofp/crt0.o
[...]
Memory Configuration

Name             Origin             Length             Attributes
RAM              0x0000000020000000 0x0000000000005000 xrw
FLASH            0x0000000008000000 0x0000000000020000 xr
*default*        0x0000000000000000 0xffffffffffffffff

Linker script and memory map

LOAD c:/st/stm32cubeide_1.11.2/stm32cubeide/plugins/com.st.stm32cube.ide.mcu.externaltools.gnu-tools-for-stm32.10.3-2021.10.win32_1.0.100.202210260954/tools/bin/../lib/gcc/arm-none-eabi/10.3.1/thumb/v7-m/nofp/crti.o
LOAD c:/st/stm32cubeide_1.11.2/stm32cubeide/plugins/com.st.stm32cube.ide.mcu.externaltools.gnu-tools-for-stm32.10.3-2021.10.win32_1.0.100.202210260954/tools/bin/../lib/gcc/arm-none-eabi/10.3.1/thumb/v7-m/nofp/crtbegin.o
LOAD c:/st/stm32cubeide_1.11.2/stm32cubeide/plugins/com.st.stm32cube.ide.mcu.externaltools.gnu-tools-for-stm32.10.3-2021.10.win32_1.0.100.202210260954/tools/bin/../lib/gcc/arm-none-eabi/10.3.1/../../../../arm-none-eabi/lib/thumb/v7-m/nofp/crt0.o
LOAD ./Core/Src/fatfs_sd.o
LOAD ./Core/Src/main.o
LOAD ./Core/Src/stm32f1xx_hal_msp.o
LOAD ./Core/Src/stm32f1xx_it.o
LOAD ./Core/Src/syscalls.o
LOAD ./Core/Src/sysmem.o
LOAD ./Core/Src/system_stm32f1xx.o
LOAD ./Core/Startup/startup_stm32f103rbtx.o
LOAD ./Drivers/STM32F1xx_HAL_Driver/Src/stm32f1xx_hal.o
LOAD ./Drivers/STM32F1xx_HAL_Driver/Src/stm32f1xx_hal_cortex.o
LOAD ./Drivers/STM32F1xx_HAL_Driver/Src/stm32f1xx_hal_dma.o
LOAD ./Drivers/STM32F1xx_HAL_Driver/Src/stm32f1xx_hal_exti.o
LOAD ./Drivers/STM32F1xx_HAL_Driver/Src/stm32f1xx_hal_flash.o
LOAD ./Drivers/STM32F1xx_HAL_Driver/Src/stm32f1xx_hal_flash_ex.o
LOAD ./Drivers/STM32F1xx_HAL_Driver/Src/stm32f1xx_hal_gpio.o
LOAD ./Drivers/STM32F1xx_HAL_Driver/Src/stm32f1xx_hal_gpio_ex.o
LOAD ./Drivers/STM32F1xx_HAL_Driver/Src/stm32f1xx_hal_pwr.o
LOAD ./Drivers/STM32F1xx_HAL_Driver/Src/stm32f1xx_hal_rcc.o
LOAD ./Drivers/STM32F1xx_HAL_Driver/Src/stm32f1xx_hal_rcc_ex.o
LOAD ./Drivers/STM32F1xx_HAL_Driver/Src/stm32f1xx_hal_spi.o
LOAD ./Drivers/STM32F1xx_HAL_Driver/Src/stm32f1xx_hal_tim.o
LOAD ./Drivers/STM32F1xx_HAL_Driver/Src/stm32f1xx_hal_tim_ex.o
LOAD ./Drivers/STM32F1xx_HAL_Driver/Src/stm32f1xx_hal_uart.o
LOAD ./FATFS/App/fatfs.o
LOAD ./FATFS/Target/user_diskio.o
LOAD ./Middlewares/Third_Party/FatFs/src/diskio.o
LOAD ./Middlewares/Third_Party/FatFs/src/ff.o
LOAD ./Middlewares/Third_Party/FatFs/src/ff_gen_drv.o
LOAD ./Middlewares/Third_Party/FatFs/src/option/ccsbcs.o
LOAD ./Middlewares/Third_Party/FatFs/src/option/syscall.o
START GROUP
LOAD c:/st/stm32cubeide_1.11.2/stm32cubeide/plugins/com.st.stm32cube.ide.mcu.externaltools.gnu-tools-for-stm32.10.3-2021.10.win32_1.0.100.202210260954/tools/bin/../lib/gcc/arm-none-eabi/10.3.1/../../../../arm-none-eabi/lib/thumb/v7-m/nofp\libc_nano.a
LOAD c:/st/stm32cubeide_1.11.2/stm32cubeide/plugins/com.st.stm32cube.ide.mcu.externaltools.gnu-tools-for-stm32.10.3-2021.10.win32_1.0.100.202210260954/tools/bin/../lib/gcc/arm-none-eabi/10.3.1/../../../../arm-none-eabi/lib/thumb/v7-m/nofp\libm.a
END GROUP
START GROUP
LOAD c:/st/stm32cubeide_1.11.2/stm32cubeide/plugins/com.st.stm32cube.ide.mcu.externaltools.gnu-tools-for-stm32.10.3-2021.10.win32_1.0.100.202210260954/tools/bin/../lib/gcc/arm-none-eabi/10.3.1/thumb/v7-m/nofp\libgcc.a
LOAD c:/st/stm32cubeide_1.11.2/stm32cubeide/plugins/com.st.stm32cube.ide.mcu.externaltools.gnu-tools-for-stm32.10.3-2021.10.win32_1.0.100.202210260954/tools/bin/../lib/gcc/arm-none-eabi/10.3.1/../../../../arm-none-eabi/lib/thumb/v7-m/nofp\libc_nano.a
END GROUP
START GROUP
LOAD c:/st/stm32cubeide_1.11.2/stm32cubeide/plugins/com.st.stm32cube.ide.mcu.externaltools.gnu-tools-for-stm32.10.3-2021.10.win32_1.0.100.202210260954/tools/bin/../lib/gcc/arm-none-eabi/10.3.1/thumb/v7-m/nofp\libgcc.a
LOAD c:/st/stm32cubeide_1.11.2/stm32cubeide/plugins/com.st.stm32cube.ide.mcu.externaltools.gnu-tools-for-stm32.10.3-2021.10.win32_1.0.100.202210260954/tools/bin/../lib/gcc/arm-none-eabi/10.3.1/../../../../arm-none-eabi/lib/thumb/v7-m/nofp\libc_nano.a
LOAD c:/st/stm32cubeide_1.11.2/stm32cubeide/plugins/com.st.stm32cube.ide.mcu.externaltools.gnu-tools-for-stm32.10.3-2021.10.win32_1.0.100.202210260954/tools/bin/../lib/gcc/arm-none-eabi/10.3.1/../../../../arm-none-eabi/lib/thumb/v7-m/nofp\libnosys.a
END GROUP
START GROUP
LOAD c:/st/stm32cubeide_1.11.2/stm32cubeide/plugins/com.st.stm32cube.ide.mcu.externaltools.gnu-tools-for-stm32.10.3-2021.10.win32_1.0.100.202210260954/tools/bin/../lib/gcc/arm-none-eabi/10.3.1/thumb/v7-m/nofp\libgcc.a
LOAD c:/st/stm32cubeide_1.11.2/stm32cubeide/plugins/com.st.stm32cube.ide.mcu.externaltools.gnu-tools-for-stm32.10.3-2021.10.win32_1.0.100.202210260954/tools/bin/../lib/gcc/arm-none-eabi/10.3.1/../../../../arm-none-eabi/lib/thumb/v7-m/nofp\libc_nano.a
LOAD c:/st/stm32cubeide_1.11.2/stm32cubeide/plugins/com.st.stm32cube.ide.mcu.externaltools.gnu-tools-for-stm32.10.3-2021.10.win32_1.0.100.202210260954/tools/bin/../lib/gcc/arm-none-eabi/10.3.1/../../../../arm-none-eabi/lib/thumb/v7-m/nofp\libnosys.a
END GROUP
LOAD c:/st/stm32cubeide_1.11.2/stm32cubeide/plugins/com.st.stm32cube.ide.mcu.externaltools.gnu-tools-for-stm32.10.3-2021.10.win32_1.0.100.202210260954/tools/bin/../lib/gcc/arm-none-eabi/10.3.1/thumb/v7-m/nofp/crtend.o
LOAD c:/st/stm32cubeide_1.11.2/stm32cubeide/plugins/com.st.stm32cube.ide.mcu.externaltools.gnu-tools-for-stm32.10.3-2021.10.win32_1.0.100.202210260954/tools/bin/../lib/gcc/arm-none-eabi/10.3.1/thumb/v7-m/nofp/crtn.o
                0x0000000020005000                _estack = (ORIGIN (RAM) + LENGTH (RAM))
                0x0000000000000200                _Min_Heap_Size = 0x200
                0x0000000000000400                _Min_Stack_Size = 0x400

.isr_vector     0x0000000008000000      0x10c
                0x0000000008000000                . = ALIGN (0x4)
 *(.isr_vector)
 .isr_vector    0x0000000008000000      0x10c ./Core/Startup/startup_stm32f103rbtx.o
                0x0000000008000000                g_pfnVectors
                0x000000000800010c                . = ALIGN (0x4)

.text           0x000000000800010c     0x62a8
                0x000000000800010c                . = ALIGN (0x4)
 *(.text)
 .text          0x000000000800010c       0x40 c:/st/stm32cubeide_1.11.2/stm32cubeide/plugins/com.st.stm32cube.ide.mcu.externaltools.gnu-tools-for-stm32.10.3-2021.10.win32_1.0.100.202210260954/tools/bin/../lib/gcc/arm-none-eabi/10.3.1/thumb/v7-m/nofp/crtbegin.o
 .text          0x000000000800014c       0x14 c:/st/stm32cubeide_1.11.2/stm32cubeide/plugins/com.st.stm32cube.ide.mcu.externaltools.gnu-tools-for-stm32.10.3-2021.10.win32_1.0.100.202210260954/tools/bin/../lib/gcc/arm-none-eabi/10.3.1/../../../../arm-none-eabi/lib/thumb/v7-m/nofp\libc_nano.a(lib_a-strcmp.o)
                0x000000000800014c                strcmp
 *(.text*)
 .text.SELECT   0x0000000008000160       0x1c ./Core/Src/fatfs_sd.o
 .text.DESELECT
                0x000000000800017c       0x1c ./Core/Src/fatfs_sd.o
 .text.SPI_TxByte
                0x0000000008000198       0x34 ./Core/Src/fatfs_sd.o
 .text.SPI_TxBuffer
                0x00000000080001cc       0x34 ./Core/Src/fatfs_sd.o
 .text.SPI_RxByte
                0x0000000008000200       0x38 ./Core/Src/fatfs_sd.o
 .text.SPI_RxBytePtr
                0x0000000008000238       0x1c ./Core/Src/fatfs_sd.o
 .text.SD_ReadyWait
                0x0000000008000254       0x34 ./Core/Src/fatfs_sd.o
 .text.SD_PowerOn
                0x0000000008000288       0x84 ./Core/Src/fatfs_sd.o
 .text.SD_PowerOff
                0x000000000800030c       0x18 ./Core/Src/fatfs_sd.o
 .text.SD_CheckPower
                0x0000000008000324       0x14 ./Core/Src/fatfs_sd.o
 .text.SD_RxDataBlock
                0x0000000008000338       0x5c ./Core/Src/fatfs_sd.o
 .text.SD_TxDataBlock
                0x0000000008000394       0x86 ./Core/Src/fatfs_sd.o
 .text.SD_SendCmd
                0x000000000800041a       0xa8 ./Core/Src/fatfs_sd.o
 *fill*         0x00000000080004c2        0x2 
 .text.SD_disk_initialize
                0x00000000080004c4      0x1cc ./Core/Src/fatfs_sd.o
                0x00000000080004c4                SD_disk_initialize
 .text.SD_disk_status
                0x0000000008000690       0x28 ./Core/Src/fatfs_sd.o
                0x0000000008000690                SD_disk_status
 .text.SD_disk_read
                0x00000000080006b8       0xd4 ./Core/Src/fatfs_sd.o
                0x00000000080006b8                SD_disk_read
 .text.SD_disk_write
                0x000000000800078c      0x108 ./Core/Src/fatfs_sd.o
                0x000000000800078c                SD_disk_write
 .text.SD_disk_ioctl
                0x0000000008000894      0x258 ./Core/Src/fatfs_sd.o
                0x0000000008000894                SD_disk_ioctl
 .text.main     0x0000000008000aec      0x128 ./Core/Src/main.o
                0x0000000008000aec                main
 .text.SystemClock_Config
                0x0000000008000c14       0x82 ./Core/Src/main.o
                0x0000000008000c14                SystemClock_Config
 *fill*         0x0000000008000c96        0x2 
 .text.MX_SPI2_Init
                0x0000000008000c98       0x6c ./Core/Src/main.o
 .text.MX_USART2_UART_Init
                0x0000000008000d04       0x54 ./Core/Src/main.o
 .text.MX_GPIO_Init
                0x0000000008000d58       0xf8 ./Core/Src/main.o
 .text.Error_Handler
                0x0000000008000e50        0xa ./Core/Src/main.o
                0x0000000008000e50                Error_Handler
 *fill*         0x0000000008000e5a        0x2 
 .text.HAL_MspInit
                0x0000000008000e5c       0x64 ./Core/Src/stm32f1xx_hal_msp.o
                0x0000000008000e5c                HAL_MspInit
 .text.HAL_SPI_MspInit
                0x0000000008000ec0       0x98 ./Core/Src/stm32f1xx_hal_msp.o
                0x0000000008000ec0                HAL_SPI_MspInit
 .text.HAL_UART_MspInit
                0x0000000008000f58       0x7c ./Core/Src/stm32f1xx_hal_msp.o
                0x0000000008000f58                HAL_UART_MspInit
 .text.NMI_Handler
                0x0000000008000fd4        0x6 ./Core/Src/stm32f1xx_it.o
                0x0000000008000fd4                NMI_Handler
 .text.HardFault_Handler
                0x0000000008000fda        0x6 ./Core/Src/stm32f1xx_it.o
                0x0000000008000fda                HardFault_Handler
 .text.MemManage_Handler
                0x0000000008000fe0        0x6 ./Core/Src/stm32f1xx_it.o
                0x0000000008000fe0                MemManage_Handler
 .text.BusFault_Handler
                0x0000000008000fe6        0x6 ./Core/Src/stm32f1xx_it.o
                0x0000000008000fe6                BusFault_Handler
 .text.UsageFault_Handler
                0x0000000008000fec        0x6 ./Core/Src/stm32f1xx_it.o
                0x0000000008000fec                UsageFault_Handler
 .text.SVC_Handler
                0x0000000008000ff2        0xc ./Core/Src/stm32f1xx_it.o
                0x0000000008000ff2                SVC_Handler
 .text.DebugMon_Handler
                0x0000000008000ffe        0xc ./Core/Src/stm32f1xx_it.o
                0x0000000008000ffe                DebugMon_Handler
 .text.PendSV_Handler
                0x000000000800100a        0xc ./Core/Src/stm32f1xx_it.o
                0x000000000800100a                PendSV_Handler
 *fill*         0x0000000008001016        0x2 
 .text.SysTick_Handler
                0x0000000008001018       0x3c ./Core/Src/stm32f1xx_it.o
                0x0000000008001018                SysTick_Handler
 .text.EXTI15_10_IRQHandler
                0x0000000008001054       0x10 ./Core/Src/stm32f1xx_it.o
                0x0000000008001054                EXTI15_10_IRQHandler
 .text.SystemInit
                0x0000000008001064        0xc ./Core/Src/system_stm32f1xx.o
                0x0000000008001064                SystemInit
 .text.Reset_Handler
                0x0000000008001070       0x48 ./Core/Startup/startup_stm32f103rbtx.o
                0x0000000008001070                Reset_Handler
 .text.Default_Handler
                0x00000000080010b8        0x2 ./Core/Startup/startup_stm32f103rbtx.o
                0x00000000080010b8                RTC_Alarm_IRQHandler
                0x00000000080010b8                EXTI2_IRQHandler
                0x00000000080010b8                TIM1_CC_IRQHandler
                0x00000000080010b8                PVD_IRQHandler
                0x00000000080010b8                EXTI3_IRQHandler
                0x00000000080010b8                EXTI0_IRQHandler
                0x00000000080010b8                I2C2_EV_IRQHandler
                0x00000000080010b8                ADC1_2_IRQHandler
                0x00000000080010b8                SPI1_IRQHandler
                0x00000000080010b8                TAMPER_IRQHandler
                0x00000000080010b8                DMA1_Channel4_IRQHandler
                0x00000000080010b8                USART3_IRQHandler
                0x00000000080010b8                RTC_IRQHandler
                0x00000000080010b8                DMA1_Channel7_IRQHandler
                0x00000000080010b8                CAN1_RX1_IRQHandler
                0x00000000080010b8                TIM4_IRQHandler
                0x00000000080010b8                I2C1_EV_IRQHandler
                0x00000000080010b8                DMA1_Channel6_IRQHandler
                0x00000000080010b8                TIM3_IRQHandler
                0x00000000080010b8                RCC_IRQHandler
                0x00000000080010b8                TIM1_TRG_COM_IRQHandler
                0x00000000080010b8                DMA1_Channel1_IRQHandler
                0x00000000080010b8                Default_Handler
                0x00000000080010b8                EXTI9_5_IRQHandler
                0x00000000080010b8                SPI2_IRQHandler
                0x00000000080010b8                DMA1_Channel5_IRQHandler
                0x00000000080010b8                EXTI4_IRQHandler
                0x00000000080010b8                USB_LP_CAN1_RX0_IRQHandler
                0x00000000080010b8                USB_HP_CAN1_TX_IRQHandler
                0x00000000080010b8                DMA1_Channel3_IRQHandler
                0x00000000080010b8                TIM1_UP_IRQHandler
                0x00000000080010b8                WWDG_IRQHandler
                0x00000000080010b8                TIM2_IRQHandler
                0x00000000080010b8                TIM1_BRK_IRQHandler
                0x00000000080010b8                EXTI1_IRQHandler
                0x00000000080010b8                USART2_IRQHandler
                0x00000000080010b8                I2C2_ER_IRQHandler
                0x00000000080010b8                DMA1_Channel2_IRQHandler
                0x00000000080010b8                CAN1_SCE_IRQHandler
                0x00000000080010b8                FLASH_IRQHandler
                0x00000000080010b8                USART1_IRQHandler
                0x00000000080010b8                I2C1_ER_IRQHandler
                0x00000000080010b8                USBWakeUp_IRQHandler
 *fill*         0x00000000080010ba        0x2 
 .text.HAL_Init
                0x00000000080010bc       0x2c ./Drivers/STM32F1xx_HAL_Driver/Src/stm32f1xx_hal.o
                0x00000000080010bc                HAL_Init
 .text.HAL_InitTick
                0x00000000080010e8       0x60 ./Drivers/STM32F1xx_HAL_Driver/Src/stm32f1xx_hal.o
                0x00000000080010e8                HAL_InitTick
 .text.HAL_IncTick
                0x0000000008001148       0x24 ./Drivers/STM32F1xx_HAL_Driver/Src/stm32f1xx_hal.o
                0x0000000008001148                HAL_IncTick
 .text.HAL_GetTick
                0x000000000800116c       0x14 ./Drivers/STM32F1xx_HAL_Driver/Src/stm32f1xx_hal.o
                0x000000000800116c                HAL_GetTick
 .text.HAL_Delay
                0x0000000008001180       0x48 ./Drivers/STM32F1xx_HAL_Driver/Src/stm32f1xx_hal.o
                0x0000000008001180                HAL_Delay
 .text.__NVIC_SetPriorityGrouping
                0x00000000080011c8       0x48 ./Drivers/STM32F1xx_HAL_Driver/Src/stm32f1xx_hal_cortex.o
 .text.__NVIC_GetPriorityGrouping
                0x0000000008001210       0x1c ./Drivers/STM32F1xx_HAL_Driver/Src/stm32f1xx_hal_cortex.o
 .text.__NVIC_EnableIRQ
                0x000000000800122c       0x38 ./Drivers/STM32F1xx_HAL_Driver/Src/stm32f1xx_hal_cortex.o
 .text.__NVIC_SetPriority
                0x0000000008001264       0x54 ./Drivers/STM32F1xx_HAL_Driver/Src/stm32f1xx_hal_cortex.o
 .text.NVIC_EncodePriority
                0x00000000080012b8       0x64 ./Drivers/STM32F1xx_HAL_Driver/Src/stm32f1xx_hal_cortex.o
 .text.SysTick_Config
                0x000000000800131c       0x44 ./Drivers/STM32F1xx_HAL_Driver/Src/stm32f1xx_hal_cortex.o
 .text.HAL_NVIC_SetPriorityGrouping
                0x0000000008001360       0x16 ./Drivers/STM32F1xx_HAL_Driver/Src/stm32f1xx_hal_cortex.o
                0x0000000008001360                HAL_NVIC_SetPriorityGrouping
 .text.HAL_NVIC_SetPriority
                0x0000000008001376       0x38 ./Drivers/STM32F1xx_HAL_Driver/Src/stm32f1xx_hal_cortex.o
                0x0000000008001376                HAL_NVIC_SetPriority
 .text.HAL_NVIC_EnableIRQ
                0x00000000080013ae       0x1c ./Drivers/STM32F1xx_HAL_Driver/Src/stm32f1xx_hal_cortex.o
                0x00000000080013ae                HAL_NVIC_EnableIRQ
 .text.HAL_SYSTICK_Config
                0x00000000080013ca       0x18 ./Drivers/STM32F1xx_HAL_Driver/Src/stm32f1xx_hal_cortex.o
                0x00000000080013ca                HAL_SYSTICK_Config
 *fill*         0x00000000080013e2        0x2 
 .text.HAL_GPIO_Init
                0x00000000080013e4      0x308 ./Drivers/STM32F1xx_HAL_Driver/Src/stm32f1xx_hal_gpio.o
                0x00000000080013e4                HAL_GPIO_Init
 .text.HAL_GPIO_WritePin
                0x00000000080016ec       0x30 ./Drivers/STM32F1xx_HAL_Driver/Src/stm32f1xx_hal_gpio.o
                0x00000000080016ec                HAL_GPIO_WritePin
 .text.HAL_GPIO_EXTI_IRQHandler
                0x000000000800171c       0x30 ./Drivers/STM32F1xx_HAL_Driver/Src/stm32f1xx_hal_gpio.o
                0x000000000800171c                HAL_GPIO_EXTI_IRQHandler
 .text.HAL_GPIO_EXTI_Callback
                0x000000000800174c       0x14 ./Drivers/STM32F1xx_HAL_Driver/Src/stm32f1xx_hal_gpio.o
                0x000000000800174c                HAL_GPIO_EXTI_Callback
 .text.HAL_RCC_OscConfig
                0x0000000008001760      0x504 ./Drivers/STM32F1xx_HAL_Driver/Src/stm32f1xx_hal_rcc.o
                0x0000000008001760                HAL_RCC_OscConfig
 .text.HAL_RCC_ClockConfig
                0x0000000008001c64      0x1d4 ./Drivers/STM32F1xx_HAL_Driver/Src/stm32f1xx_hal_rcc.o
                0x0000000008001c64                HAL_RCC_ClockConfig
 .text.HAL_RCC_GetSysClockFreq
                0x0000000008001e38       0xbc ./Drivers/STM32F1xx_HAL_Driver/Src/stm32f1xx_hal_rcc.o
                0x0000000008001e38                HAL_RCC_GetSysClockFreq
 .text.HAL_RCC_GetHCLKFreq
                0x0000000008001ef4       0x14 ./Drivers/STM32F1xx_HAL_Driver/Src/stm32f1xx_hal_rcc.o
                0x0000000008001ef4                HAL_RCC_GetHCLKFreq
 .text.HAL_RCC_GetPCLK1Freq
                0x0000000008001f08       0x28 ./Drivers/STM32F1xx_HAL_Driver/Src/stm32f1xx_hal_rcc.o
                0x0000000008001f08                HAL_RCC_GetPCLK1Freq
 .text.HAL_RCC_GetPCLK2Freq
                0x0000000008001f30       0x28 ./Drivers/STM32F1xx_HAL_Driver/Src/stm32f1xx_hal_rcc.o
                0x0000000008001f30                HAL_RCC_GetPCLK2Freq
 .text.RCC_Delay
                0x0000000008001f58       0x3c ./Drivers/STM32F1xx_HAL_Driver/Src/stm32f1xx_hal_rcc.o
 .text.HAL_SPI_Init
                0x0000000008001f94      0x108 ./Drivers/STM32F1xx_HAL_Driver/Src/stm32f1xx_hal_spi.o
                0x0000000008001f94                HAL_SPI_Init
 .text.HAL_SPI_Transmit
                0x000000000800209c      0x278 ./Drivers/STM32F1xx_HAL_Driver/Src/stm32f1xx_hal_spi.o
                0x000000000800209c                HAL_SPI_Transmit
 .text.HAL_SPI_TransmitReceive
                0x0000000008002314      0x344 ./Drivers/STM32F1xx_HAL_Driver/Src/stm32f1xx_hal_spi.o
                0x0000000008002314                HAL_SPI_TransmitReceive
 .text.SPI_WaitFlagStateUntilTimeout
                0x0000000008002658      0x110 ./Drivers/STM32F1xx_HAL_Driver/Src/stm32f1xx_hal_spi.o
 .text.SPI_EndRxTxTransaction
                0x0000000008002768       0x3c ./Drivers/STM32F1xx_HAL_Driver/Src/stm32f1xx_hal_spi.o
 .text.HAL_UART_Init
                0x00000000080027a4       0x9a ./Drivers/STM32F1xx_HAL_Driver/Src/stm32f1xx_hal_uart.o
                0x00000000080027a4                HAL_UART_Init
 .text.HAL_UART_Transmit
                0x000000000800283e      0x124 ./Drivers/STM32F1xx_HAL_Driver/Src/stm32f1xx_hal_uart.o
                0x000000000800283e                HAL_UART_Transmit
 .text.UART_WaitOnFlagUntilTimeout
                0x0000000008002962       0x94 ./Drivers/STM32F1xx_HAL_Driver/Src/stm32f1xx_hal_uart.o
 *fill*         0x00000000080029f6        0x2 
 .text.UART_SetConfig
                0x00000000080029f8      0x11c ./Drivers/STM32F1xx_HAL_Driver/Src/stm32f1xx_hal_uart.o
 .text.MX_FATFS_Init
                0x0000000008002b14       0x24 ./FATFS/App/fatfs.o
                0x0000000008002b14                MX_FATFS_Init
 .text.get_fattime
                0x0000000008002b38        0xe ./FATFS/App/fatfs.o
                0x0000000008002b38                get_fattime
 .text.USER_initialize
                0x0000000008002b46       0x1e ./FATFS/Target/user_diskio.o
                0x0000000008002b46                USER_initialize
 .text.USER_status
                0x0000000008002b64       0x1e ./FATFS/Target/user_diskio.o
                0x0000000008002b64                USER_status
 .text.USER_read
                0x0000000008002b82       0x28 ./FATFS/Target/user_diskio.o
                0x0000000008002b82                USER_read
 .text.USER_write
                0x0000000008002baa       0x28 ./FATFS/Target/user_diskio.o
                0x0000000008002baa                USER_write
 .text.USER_ioctl
                0x0000000008002bd2       0x28 ./FATFS/Target/user_diskio.o
                0x0000000008002bd2                USER_ioctl
 *fill*         0x0000000008002bfa        0x2 
 .text.disk_status
                0x0000000008002bfc       0x34 ./Middlewares/Third_Party/FatFs/src/diskio.o
                0x0000000008002bfc                disk_status
 .text.disk_initialize
                0x0000000008002c30       0x4c ./Middlewares/Third_Party/FatFs/src/diskio.o
                0x0000000008002c30                disk_initialize
 .text.disk_read
                0x0000000008002c7c       0x40 ./Middlewares/Third_Party/FatFs/src/diskio.o
                0x0000000008002c7c                disk_read
 .text.disk_write
                0x0000000008002cbc       0x40 ./Middlewares/Third_Party/FatFs/src/diskio.o
                0x0000000008002cbc                disk_write
 .text.disk_ioctl
                0x0000000008002cfc       0x3c ./Middlewares/Third_Party/FatFs/src/diskio.o
                0x0000000008002cfc                disk_ioctl
 .text.mem_cpy  0x0000000008002d38       0x3c ./Middlewares/Third_Party/FatFs/src/ff.o
 .text.mem_set  0x0000000008002d74       0x34 ./Middlewares/Third_Party/FatFs/src/ff.o
 .text.mem_cmp  0x0000000008002da8       0x4c ./Middlewares/Third_Party/FatFs/src/ff.o
 .text.chk_chr  0x0000000008002df4       0x34 ./Middlewares/Third_Party/FatFs/src/ff.o
 .text.chk_lock
                0x0000000008002e28       0xe0 ./Middlewares/Third_Party/FatFs/src/ff.o
 .text.enq_lock
                0x0000000008002f08       0x48 ./Middlewares/Third_Party/FatFs/src/ff.o
 .text.inc_lock
                0x0000000008002f50      0x178 ./Middlewares/Third_Party/FatFs/src/ff.o
 .text.dec_lock
                0x00000000080030c8       0x88 ./Middlewares/Third_Party/FatFs/src/ff.o
 .text.clear_lock
                0x0000000008003150       0x54 ./Middlewares/Third_Party/FatFs/src/ff.o
 .text.sync_window
                0x00000000080031a4       0xa4 ./Middlewares/Third_Party/FatFs/src/ff.o
 .text.move_window
                0x0000000008003248       0x64 ./Middlewares/Third_Party/FatFs/src/ff.o
 .text.sync_fs  0x00000000080032ac      0x17e ./Middlewares/Third_Party/FatFs/src/ff.o
 .text.clust2sect
                0x000000000800342a       0x48 ./Middlewares/Third_Party/FatFs/src/ff.o
                0x000000000800342a                clust2sect
 .text.get_fat  0x0000000008003472      0x1f8 ./Middlewares/Third_Party/FatFs/src/ff.o
                0x0000000008003472                get_fat
 .text.put_fat  0x000000000800366a      0x2a6 ./Middlewares/Third_Party/FatFs/src/ff.o
                0x000000000800366a                put_fat
 .text.remove_chain
                0x0000000008003910       0xc2 ./Middlewares/Third_Party/FatFs/src/ff.o
 .text.create_chain
                0x00000000080039d2      0x150 ./Middlewares/Third_Party/FatFs/src/ff.o
 .text.clmt_clust
                0x0000000008003b22       0x80 ./Middlewares/Third_Party/FatFs/src/ff.o
 .text.dir_sdi  0x0000000008003ba2      0x19c ./Middlewares/Third_Party/FatFs/src/ff.o
 .text.dir_next
                0x0000000008003d3e      0x294 ./Middlewares/Third_Party/FatFs/src/ff.o
 .text.dir_alloc
                0x0000000008003fd2       0x9c ./Middlewares/Third_Party/FatFs/src/ff.o
 .text.ld_clust
                0x000000000800406e       0x5c ./Middlewares/Third_Party/FatFs/src/ff.o
 .text.st_clust
                0x00000000080040ca       0x4c ./Middlewares/Third_Party/FatFs/src/ff.o
 *fill*         0x0000000008004116        0x2 
 .text.cmp_lfn  0x0000000008004118       0xdc ./Middlewares/Third_Party/FatFs/src/ff.o
 .text.fit_lfn  0x00000000080041f4       0xe8 ./Middlewares/Third_Party/FatFs/src/ff.o
 .text.gen_numname
                0x00000000080042dc      0x11c ./Middlewares/Third_Party/FatFs/src/ff.o
 .text.sum_sfn  0x00000000080043f8       0x40 ./Middlewares/Third_Party/FatFs/src/ff.o
 .text.dir_find
                0x0000000008004438      0x198 ./Middlewares/Third_Party/FatFs/src/ff.o
 .text.dir_register
                0x00000000080045d0      0x248 ./Middlewares/Third_Party/FatFs/src/ff.o
 .text.create_name
                0x0000000008004818      0x37c ./Middlewares/Third_Party/FatFs/src/ff.o
 .text.follow_path
                0x0000000008004b94       0xec ./Middlewares/Third_Party/FatFs/src/ff.o
 .text.get_ldnumber
                0x0000000008004c80       0x86 ./Middlewares/Third_Party/FatFs/src/ff.o
 *fill*         0x0000000008004d06        0x2 
 .text.check_fs
                0x0000000008004d08       0xdc ./Middlewares/Third_Party/FatFs/src/ff.o
 .text.find_volume
                0x0000000008004de4      0x664 ./Middlewares/Third_Party/FatFs/src/ff.o
 .text.validate
                0x0000000008005448       0x76 ./Middlewares/Third_Party/FatFs/src/ff.o
 *fill*         0x00000000080054be        0x2 
 .text.f_mount  0x00000000080054c0       0x94 ./Middlewares/Third_Party/FatFs/src/ff.o
                0x00000000080054c0                f_mount
 .text.f_open   0x0000000008005554      0x630 ./Middlewares/Third_Party/FatFs/src/ff.o
                0x0000000008005554                f_open
 .text.f_read   0x0000000008005b84      0x3d0 ./Middlewares/Third_Party/FatFs/src/ff.o
                0x0000000008005b84                f_read
 .text.f_sync   0x0000000008005f54      0x19c ./Middlewares/Third_Party/FatFs/src/ff.o
                0x0000000008005f54                f_sync
 .text.f_close  0x00000000080060f0       0x56 ./Middlewares/Third_Party/FatFs/src/ff.o
                0x00000000080060f0                f_close
 .text.f_gets   0x0000000008006146       0x7a ./Middlewares/Third_Party/FatFs/src/ff.o
                0x0000000008006146                f_gets
 .text.FATFS_LinkDriverEx
                0x00000000080061c0       0x94 ./Middlewares/Third_Party/FatFs/src/ff_gen_drv.o
                0x00000000080061c0                FATFS_LinkDriverEx
 .text.FATFS_LinkDriver
                0x0000000008006254       0x1e ./Middlewares/Third_Party/FatFs/src/ff_gen_drv.o
                0x0000000008006254                FATFS_LinkDriver
 *fill*         0x0000000008006272        0x2 
 .text.ff_convert
                0x0000000008006274       0x74 ./Middlewares/Third_Party/FatFs/src/option/ccsbcs.o
                0x0000000008006274                ff_convert
 .text.ff_wtoupper
                0x00000000080062e8       0x5c ./Middlewares/Third_Party/FatFs/src/option/ccsbcs.o
                0x00000000080062e8                ff_wtoupper
 .text.__libc_init_array
                0x0000000008006344       0x48 c:/st/stm32cubeide_1.11.2/stm32cubeide/plugins/com.st.stm32cube.ide.mcu.externaltools.gnu-tools-for-stm32.10.3-2021.10.win32_1.0.100.202210260954/tools/bin/../lib/gcc/arm-none-eabi/10.3.1/../../../../arm-none-eabi/lib/thumb/v7-m/nofp\libc_nano.a(lib_a-init.o)
                0x0000000008006344                __libc_init_array
 .text.memset   0x000000000800638c       0x10 c:/st/stm32cubeide_1.11.2/stm32cubeide/plugins/com.st.stm32cube.ide.mcu.externaltools.gnu-tools-for-stm32.10.3-2021.10.win32_1.0.100.202210260954/tools/bin/../lib/gcc/arm-none-eabi/10.3.1/../../../../arm-none-eabi/lib/thumb/v7-m/nofp\libc_nano.a(lib_a-memset.o)
                0x000000000800638c                memset
 *(.glue_7)
 .glue_7        0x000000000800639c        0x0 linker stubs
 *(.glue_7t)
 .glue_7t       0x000000000800639c        0x0 linker stubs
 *(.eh_frame)
 .eh_frame      0x000000000800639c        0x0 c:/st/stm32cubeide_1.11.2/stm32cubeide/plugins/com.st.stm32cube.ide.mcu.externaltools.gnu-tools-for-stm32.10.3-2021.10.win32_1.0.100.202210260954/tools/bin/../lib/gcc/arm-none-eabi/10.3.1/thumb/v7-m/nofp/crtbegin.o
 *(.init)
 .init          0x000000000800639c        0x4 c:/st/stm32cubeide_1.11.2/stm32cubeide/plugins/com.st.stm32cube.ide.mcu.externaltools.gnu-tools-for-stm32.10.3-2021.10.win32_1.0.100.202210260954/tools/bin/../lib/gcc/arm-none-eabi/10.3.1/thumb/v7-m/nofp/crti.o
                0x000000000800639c                _init
 .init          0x00000000080063a0        0x8 c:/st/stm32cubeide_1.11.2/stm32cubeide/plugins/com.st.stm32cube.ide.mcu.externaltools.gnu-tools-for-stm32.10.3-2021.10.win32_1.0.100.202210260954/tools/bin/../lib/gcc/arm-none-eabi/10.3.1/thumb/v7-m/nofp/crtn.o
 *(.fini)
 .fini          0x00000000080063a8        0x4 c:/st/stm32cubeide_1.11.2/stm32cubeide/plugins/com.st.stm32cube.ide.mcu.externaltools.gnu-tools-for-stm32.10.3-2021.10.win32_1.0.100.202210260954/tools/bin/../lib/gcc/arm-none-eabi/10.3.1/thumb/v7-m/nofp/crti.o
                0x00000000080063a8                _fini
 .fini          0x00000000080063ac        0x8 c:/st/stm32cubeide_1.11.2/stm32cubeide/plugins/com.st.stm32cube.ide.mcu.externaltools.gnu-tools-for-stm32.10.3-2021.10.win32_1.0.100.202210260954/tools/bin/../lib/gcc/arm-none-eabi/10.3.1/thumb/v7-m/nofp/crtn.o
                0x00000000080063b4                . = ALIGN (0x4)
                0x00000000080063b4                _etext = .

.vfp11_veneer   0x00000000080063b4        0x0
 .vfp11_veneer  0x00000000080063b4        0x0 linker stubs

.v4_bx          0x00000000080063b4        0x0
 .v4_bx         0x00000000080063b4        0x0 linker stubs

.iplt           0x00000000080063b4        0x0
 .iplt          0x00000000080063b4        0x0 c:/st/stm32cubeide_1.11.2/stm32cubeide/plugins/com.st.stm32cube.ide.mcu.externaltools.gnu-tools-for-stm32.10.3-2021.10.win32_1.0.100.202210260954/tools/bin/../lib/gcc/arm-none-eabi/10.3.1/thumb/v7-m/nofp/crtbegin.o

.rodata         0x00000000080063b4      0x63c
                0x00000000080063b4                . = ALIGN (0x4)
 *(.rodata)
 .rodata        0x00000000080063b4       0x7c ./Core/Src/main.o
 .rodata        0x0000000008006430       0x10 ./Drivers/STM32F1xx_HAL_Driver/Src/stm32f1xx_hal_rcc.o
 .rodata        0x0000000008006440       0x48 ./Middlewares/Third_Party/FatFs/src/ff.o
 *(.rodata*)
 .rodata.AHBPrescTable
                0x0000000008006488       0x10 ./Core/Src/system_stm32f1xx.o
                0x0000000008006488                AHBPrescTable
 .rodata.APBPrescTable
                0x0000000008006498        0x8 ./Core/Src/system_stm32f1xx.o
                0x0000000008006498                APBPrescTable
 .rodata.ExCvt  0x00000000080064a0       0x80 ./Middlewares/Third_Party/FatFs/src/ff.o
 .rodata.LfnOfs
                0x0000000008006520        0xd ./Middlewares/Third_Party/FatFs/src/ff.o
 *fill*         0x000000000800652d        0x3 
 .rodata.Tbl    0x0000000008006530      0x100 ./Middlewares/Third_Party/FatFs/src/option/ccsbcs.o
 .rodata.tbl_lower.1
                0x0000000008006630      0x1e0 ./Middlewares/Third_Party/FatFs/src/option/ccsbcs.o
 .rodata.tbl_upper.0
                0x0000000008006810      0x1e0 ./Middlewares/Third_Party/FatFs/src/option/ccsbcs.o
                0x00000000080069f0                . = ALIGN (0x4)

.rel.dyn        0x00000000080069f0        0x0
 .rel.iplt      0x00000000080069f0        0x0 c:/st/stm32cubeide_1.11.2/stm32cubeide/plugins/com.st.stm32cube.ide.mcu.externaltools.gnu-tools-for-stm32.10.3-2021.10.win32_1.0.100.202210260954/tools/bin/../lib/gcc/arm-none-eabi/10.3.1/thumb/v7-m/nofp/crtbegin.o

.ARM.extab      0x00000000080069f0        0x0
                0x00000000080069f0                . = ALIGN (0x4)
 *(.ARM.extab* .gnu.linkonce.armextab.*)
                0x00000000080069f0                . = ALIGN (0x4)

.ARM            0x00000000080069f0        0x0
                0x00000000080069f0                . = ALIGN (0x4)
                0x00000000080069f0                __exidx_start = .
 *(.ARM.exidx*)
                0x00000000080069f0                __exidx_end = .
                0x00000000080069f0                . = ALIGN (0x4)

.preinit_array  0x00000000080069f0        0x0
                0x00000000080069f0                . = ALIGN (0x4)
                0x00000000080069f0                PROVIDE (__preinit_array_start = .)
 *(.preinit_array*)
                0x00000000080069f0                PROVIDE (__preinit_array_end = .)
                0x00000000080069f0                . = ALIGN (0x4)

.init_array     0x00000000080069f0        0x4
                0x00000000080069f0                . = ALIGN (0x4)
                0x00000000080069f0                PROVIDE (__init_array_start = .)
 *(SORT_BY_NAME(.init_array.*))
 *(.init_array*)
 .init_array    0x00000000080069f0        0x4 c:/st/stm32cubeide_1.11.2/stm32cubeide/plugins/com.st.stm32cube.ide.mcu.externaltools.gnu-tools-for-stm32.10.3-2021.10.win32_1.0.100.202210260954/tools/bin/../lib/gcc/arm-none-eabi/10.3.1/thumb/v7-m/nofp/crtbegin.o
                0x00000000080069f4                PROVIDE (__init_array_end = .)
                0x00000000080069f4                . = ALIGN (0x4)

.fini_array     0x00000000080069f4        0x4
                0x00000000080069f4                . = ALIGN (0x4)
                [!provide]                        PROVIDE (__fini_array_start = .)
 *(SORT_BY_NAME(.fini_array.*))
 *(.fini_array*)
 .fini_array    0x00000000080069f4        0x4 c:/st/stm32cubeide_1.11.2/stm32cubeide/plugins/com.st.stm32cube.ide.mcu.externaltools.gnu-tools-for-stm32.10.3-2021.10.win32_1.0.100.202210260954/tools/bin/../lib/gcc/arm-none-eabi/10.3.1/thumb/v7-m/nofp/crtbegin.o
                [!provide]                        PROVIDE (__fini_array_end = .)
                0x00000000080069f8                . = ALIGN (0x4)
                0x00000000080069f8                _sidata = LOADADDR (.data)

.data           0x0000000020000000       0x50 load address 0x00000000080069f8
                0x0000000020000000                . = ALIGN (0x4)
                0x0000000020000000                _sdata = .
 *(.data)
 *(.data*)
 .data.Stat     0x0000000020000000        0x1 ./Core/Src/fatfs_sd.o
 *fill*         0x0000000020000001        0x3 
 .data.password
                0x0000000020000004       0x1a ./Core/Src/main.o
                0x0000000020000004                password
 *fill*         0x000000002000001e        0x2 
 .data.LED_GPIO_Init_struct
                0x0000000020000020       0x10 ./Core/Src/main.o
                0x0000000020000020                LED_GPIO_Init_struct
 .data.SystemCoreClock
                0x0000000020000030        0x4 ./Core/Src/system_stm32f1xx.o
                0x0000000020000030                SystemCoreClock
 .data.uwTickPrio
                0x0000000020000034        0x4 ./Drivers/STM32F1xx_HAL_Driver/Src/stm32f1xx_hal.o
                0x0000000020000034                uwTickPrio
 .data.uwTickFreq
                0x0000000020000038        0x1 ./Drivers/STM32F1xx_HAL_Driver/Src/stm32f1xx_hal.o
                0x0000000020000038                uwTickFreq
 *fill*         0x0000000020000039        0x3 
 .data.USER_Driver
                0x000000002000003c       0x14 ./FATFS/Target/user_diskio.o
                0x000000002000003c                USER_Driver
 *(.RamFunc)
 *(.RamFunc*)
                0x0000000020000050                . = ALIGN (0x4)
                0x0000000020000050                _edata = .

.igot.plt       0x0000000020000050        0x0 load address 0x0000000008006a48
 .igot.plt      0x0000000020000050        0x0 c:/st/stm32cubeide_1.11.2/stm32cubeide/plugins/com.st.stm32cube.ide.mcu.externaltools.gnu-tools-for-stm32.10.3-2021.10.win32_1.0.100.202210260954/tools/bin/../lib/gcc/arm-none-eabi/10.3.1/thumb/v7-m/nofp/crtbegin.o
                0x0000000020000050                . = ALIGN (0x4)

.bss            0x0000000020000050     0x2354 load address 0x0000000008006a48
                0x0000000020000050                _sbss = .
                0x0000000020000050                __bss_start__ = _sbss
 *(.bss)
 .bss           0x0000000020000050       0x1c c:/st/stm32cubeide_1.11.2/stm32cubeide/plugins/com.st.stm32cube.ide.mcu.externaltools.gnu-tools-for-stm32.10.3-2021.10.win32_1.0.100.202210260954/tools/bin/../lib/gcc/arm-none-eabi/10.3.1/thumb/v7-m/nofp/crtbegin.o
 *(.bss*)
 .bss.Timer1    0x000000002000006c        0x2 ./Core/Src/fatfs_sd.o
                0x000000002000006c                Timer1
 .bss.Timer2    0x000000002000006e        0x2 ./Core/Src/fatfs_sd.o
                0x000000002000006e                Timer2
 .bss.CardType  0x0000000020000070        0x1 ./Core/Src/fatfs_sd.o
 .bss.PowerFlag
                0x0000000020000071        0x1 ./Core/Src/fatfs_sd.o
 *fill*         0x0000000020000072        0x2 
 .bss.fs        0x0000000020000074     0x1030 ./Core/Src/main.o
                0x0000000020000074                fs
 .bss.fil       0x00000000200010a4     0x102c ./Core/Src/main.o
                0x00000000200010a4                fil
 .bss.hspi2     0x00000000200020d0       0x58 ./Core/Src/main.o
                0x00000000200020d0                hspi2
 .bss.huart2    0x0000000020002128       0x44 ./Core/Src/main.o
                0x0000000020002128                huart2
 .bss.uwTick    0x000000002000216c        0x4 ./Drivers/STM32F1xx_HAL_Driver/Src/stm32f1xx_hal.o
                0x000000002000216c                uwTick
 .bss.retUSER   0x0000000020002170        0x1 ./FATFS/App/fatfs.o
                0x0000000020002170                retUSER
 *fill*         0x0000000020002171        0x3 
 .bss.USERPath  0x0000000020002174        0x4 ./FATFS/App/fatfs.o
                0x0000000020002174                USERPath
 .bss.FatFs     0x0000000020002178        0x4 ./Middlewares/Third_Party/FatFs/src/ff.o
 .bss.Fsid      0x000000002000217c        0x2 ./Middlewares/Third_Party/FatFs/src/ff.o
 *fill*         0x000000002000217e        0x2 
 .bss.Files     0x0000000020002180       0x18 ./Middlewares/Third_Party/FatFs/src/ff.o
 .bss.LfnBuf    0x0000000020002198      0x200 ./Middlewares/Third_Party/FatFs/src/ff.o
 .bss.disk      0x0000000020002398        0xc ./Middlewares/Third_Party/FatFs/src/ff_gen_drv.o
                0x0000000020002398                disk
 *(COMMON)
                0x00000000200023a4                . = ALIGN (0x4)
                0x00000000200023a4                _ebss = .
                0x00000000200023a4                __bss_end__ = _ebss

._user_heap_stack
                0x00000000200023a4      0x604 load address 0x0000000008006a48
                0x00000000200023a8                . = ALIGN (0x8)
 *fill*         0x00000000200023a4        0x4 
                [!provide]                        PROVIDE (end = .)
                0x00000000200023a8                PROVIDE (_end = .)
                0x00000000200025a8                . = (. + _Min_Heap_Size)
 *fill*         0x00000000200023a8      0x200 
                0x00000000200029a8                . = (. + _Min_Stack_Size)
 *fill*         0x00000000200025a8      0x400 
                0x00000000200029a8                . = ALIGN (0x8)

/DISCARD/
 libc.a(*)
 libm.a(*)
 libgcc.a(*)

.ARM.attributes
                0x0000000000000000       0x29
 *(.ARM.attributes)
 .ARM.attributes
                0x0000000000000000       0x1d c:/st/stm32cubeide_1.11.2/stm32cubeide/plugins/com.st.stm32cube.ide.mcu.externaltools.gnu-tools-for-stm32.10.3-2021.10.win32_1.0.100.202210260954/tools/bin/../lib/gcc/arm-none-eabi/10.3.1/thumb/v7-m/nofp/crti.o
 .ARM.attributes
                0x000000000000001d       0x2d c:/st/stm32cubeide_1.11.2/stm32cubeide/plugins/com.st.stm32cube.ide.mcu.externaltools.gnu-tools-for-stm32.10.3-2021.10.win32_1.0.100.202210260954/tools/bin/../lib/gcc/arm-none-eabi/10.3.1/thumb/v7-m/nofp/crtbegin.o
 .ARM.attributes
                0x000000000000004a       0x2d ./Core/Src/fatfs_sd.o
 .ARM.attributes
                0x0000000000000077       0x2d ./Core/Src/main.o
 .ARM.attributes
                0x00000000000000a4       0x2d ./Core/Src/stm32f1xx_hal_msp.o
 .ARM.attributes
                0x00000000000000d1       0x2d ./Core/Src/stm32f1xx_it.o
 .ARM.attributes
                0x00000000000000fe       0x2d ./Core/Src/system_stm32f1xx.o
 .ARM.attributes
                0x000000000000012b       0x21 ./Core/Startup/startup_stm32f103rbtx.o
 .ARM.attributes
                0x000000000000014c       0x2d ./Drivers/STM32F1xx_HAL_Driver/Src/stm32f1xx_hal.o
 .ARM.attributes
                0x0000000000000179       0x2d ./Drivers/STM32F1xx_HAL_Driver/Src/stm32f1xx_hal_cortex.o
 .ARM.attributes
                0x00000000000001a6       0x2d ./Drivers/STM32F1xx_HAL_Driver/Src/stm32f1xx_hal_gpio.o
 .ARM.attributes
                0x00000000000001d3       0x2d ./Drivers/STM32F1xx_HAL_Driver/Src/stm32f1xx_hal_rcc.o
 .ARM.attributes
                0x0000000000000200       0x2d ./Drivers/STM32F1xx_HAL_Driver/Src/stm32f1xx_hal_spi.o
 .ARM.attributes
                0x000000000000022d       0x2d ./Drivers/STM32F1xx_HAL_Driver/Src/stm32f1xx_hal_uart.o
 .ARM.attributes
                0x000000000000025a       0x2d ./FATFS/App/fatfs.o
 .ARM.attributes
                0x0000000000000287       0x2d ./FATFS/Target/user_diskio.o
 .ARM.attributes
                0x00000000000002b4       0x2d ./Middlewares/Third_Party/FatFs/src/diskio.o
 .ARM.attributes
                0x00000000000002e1       0x2d ./Middlewares/Third_Party/FatFs/src/ff.o
 .ARM.attributes
                0x000000000000030e       0x2d ./Middlewares/Third_Party/FatFs/src/ff_gen_drv.o
 .ARM.attributes
                0x000000000000033b       0x2d ./Middlewares/Third_Party/FatFs/src/option/ccsbcs.o
 .ARM.attributes
                0x0000000000000368       0x2d c:/st/stm32cubeide_1.11.2/stm32cubeide/plugins/com.st.stm32cube.ide.mcu.externaltools.gnu-tools-for-stm32.10.3-2021.10.win32_1.0.100.202210260954/tools/bin/../lib/gcc/arm-none-eabi/10.3.1/../../../../arm-none-eabi/lib/thumb/v7-m/nofp\libc_nano.a(lib_a-init.o)
 .ARM.attributes
                0x0000000000000395       0x2d c:/st/stm32cubeide_1.11.2/stm32cubeide/plugins/com.st.stm32cube.ide.mcu.externaltools.gnu-tools-for-stm32.10.3-2021.10.win32_1.0.100.202210260954/tools/bin/../lib/gcc/arm-none-eabi/10.3.1/../../../../arm-none-eabi/lib/thumb/v7-m/nofp\libc_nano.a(lib_a-memset.o)
 .ARM.attributes
                0x00000000000003c2       0x1b c:/st/stm32cubeide_1.11.2/stm32cubeide/plugins/com.st.stm32cube.ide.mcu.externaltools.gnu-tools-for-stm32.10.3-2021.10.win32_1.0.100.202210260954/tools/bin/../lib/gcc/arm-none-eabi/10.3.1/../../../../arm-none-eabi/lib/thumb/v7-m/nofp\libc_nano.a(lib_a-strcmp.o)
 .ARM.attributes
                0x00000000000003dd       0x1d c:/st/stm32cubeide_1.11.2/stm32cubeide/plugins/com.st.stm32cube.ide.mcu.externaltools.gnu-tools-for-stm32.10.3-2021.10.win32_1.0.100.202210260954/tools/bin/../lib/gcc/arm-none-eabi/10.3.1/thumb/v7-m/nofp/crtn.o
OUTPUT(sdcard.elf elf32-littlearm)
LOAD linker stubs
LOAD c:/st/stm32cubeide_1.11.2/stm32cubeide/plugins/com.st.stm32cube.ide.mcu.externaltools.gnu-tools-for-stm32.10.3-2021.10.win32_1.0.100.202210260954/tools/bin/../lib/gcc/arm-none-eabi/10.3.1/../../../../arm-none-eabi/lib/thumb/v7-m/nofp\libc.a
LOAD c:/st/stm32cubeide_1.11.2/stm32cubeide/plugins/com.st.stm32cube.ide.mcu.externaltools.gnu-tools-for-stm32.10.3-2021.10.win32_1.0.100.202210260954/tools/bin/../lib/gcc/arm-none-eabi/10.3.1/../../../../arm-none-eabi/lib/thumb/v7-m/nofp\libm.a
LOAD c:/st/stm32cubeide_1.11.2/stm32cubeide/plugins/com.st.stm32cube.ide.mcu.externaltools.gnu-tools-for-stm32.10.3-2021.10.win32_1.0.100.202210260954/tools/bin/../lib/gcc/arm-none-eabi/10.3.1/thumb/v7-m/nofp\libgcc.a

.debug_info     0x0000000000000000     0xb4bb
 .debug_info    0x0000000000000000      0xc50 ./Core/Src/fatfs_sd.o
 .debug_info    0x0000000000000c50     0x12fc ./Core/Src/main.o
 .debug_info    0x0000000000001f4c      0xb49 ./Core/Src/stm32f1xx_hal_msp.o
 .debug_info    0x0000000000002a95      0x176 ./Core/Src/stm32f1xx_it.o
 .debug_info    0x0000000000002c0b      0x23d ./Core/Src/system_stm32f1xx.o
 .debug_info    0x0000000000002e48       0x22 ./Core/Startup/startup_stm32f103rbtx.o
 .debug_info    0x0000000000002e6a      0x734 ./Drivers/STM32F1xx_HAL_Driver/Src/stm32f1xx_hal.o
 .debug_info    0x000000000000359e      0xb20 ./Drivers/STM32F1xx_HAL_Driver/Src/stm32f1xx_hal_cortex.o
 .debug_info    0x00000000000040be      0x615 ./Drivers/STM32F1xx_HAL_Driver/Src/stm32f1xx_hal_gpio.o
 .debug_info    0x00000000000046d3      0x860 ./Drivers/STM32F1xx_HAL_Driver/Src/stm32f1xx_hal_rcc.o
 .debug_info    0x0000000000004f33     0x1658 ./Drivers/STM32F1xx_HAL_Driver/Src/stm32f1xx_hal_spi.o
 .debug_info    0x000000000000658b     0x15d8 ./Drivers/STM32F1xx_HAL_Driver/Src/stm32f1xx_hal_uart.o
 .debug_info    0x0000000000007b63      0x52d ./FATFS/App/fatfs.o
 .debug_info    0x0000000000008090      0x3dc ./FATFS/Target/user_diskio.o
 .debug_info    0x000000000000846c      0x40d ./Middlewares/Third_Party/FatFs/src/diskio.o
 .debug_info    0x0000000000008879     0x2721 ./Middlewares/Third_Party/FatFs/src/ff.o
 .debug_info    0x000000000000af9a      0x3a4 ./Middlewares/Third_Party/FatFs/src/ff_gen_drv.o
 .debug_info    0x000000000000b33e      0x17d ./Middlewares/Third_Party/FatFs/src/option/ccsbcs.o

.debug_abbrev   0x0000000000000000     0x215d
 .debug_abbrev  0x0000000000000000      0x2ec ./Core/Src/fatfs_sd.o
 .debug_abbrev  0x00000000000002ec      0x310 ./Core/Src/main.o
 .debug_abbrev  0x00000000000005fc      0x194 ./Core/Src/stm32f1xx_hal_msp.o
 .debug_abbrev  0x0000000000000790       0xb2 ./Core/Src/stm32f1xx_it.o
 .debug_abbrev  0x0000000000000842      0x13b ./Core/Src/system_stm32f1xx.o
 .debug_abbrev  0x000000000000097d       0x12 ./Core/Startup/startup_stm32f103rbtx.o
 .debug_abbrev  0x000000000000098f      0x1fb ./Drivers/STM32F1xx_HAL_Driver/Src/stm32f1xx_hal.o
 .debug_abbrev  0x0000000000000b8a      0x2ed ./Drivers/STM32F1xx_HAL_Driver/Src/stm32f1xx_hal_cortex.o
 .debug_abbrev  0x0000000000000e77      0x1bb ./Drivers/STM32F1xx_HAL_Driver/Src/stm32f1xx_hal_gpio.o
 .debug_abbrev  0x0000000000001032      0x2a8 ./Drivers/STM32F1xx_HAL_Driver/Src/stm32f1xx_hal_rcc.o
 .debug_abbrev  0x00000000000012da      0x26e ./Drivers/STM32F1xx_HAL_Driver/Src/stm32f1xx_hal_spi.o
 .debug_abbrev  0x0000000000001548      0x278 ./Drivers/STM32F1xx_HAL_Driver/Src/stm32f1xx_hal_uart.o
 .debug_abbrev  0x00000000000017c0      0x19a ./FATFS/App/fatfs.o
 .debug_abbrev  0x000000000000195a      0x155 ./FATFS/Target/user_diskio.o
 .debug_abbrev  0x0000000000001aaf      0x178 ./Middlewares/Third_Party/FatFs/src/diskio.o
 .debug_abbrev  0x0000000000001c27      0x2cd ./Middlewares/Third_Party/FatFs/src/ff.o
 .debug_abbrev  0x0000000000001ef4      0x196 ./Middlewares/Third_Party/FatFs/src/ff_gen_drv.o
 .debug_abbrev  0x000000000000208a       0xd3 ./Middlewares/Third_Party/FatFs/src/option/ccsbcs.o

.debug_aranges  0x0000000000000000      0xba8
 .debug_aranges
                0x0000000000000000       0xa8 ./Core/Src/fatfs_sd.o
 .debug_aranges
                0x00000000000000a8       0x48 ./Core/Src/main.o
 .debug_aranges
                0x00000000000000f0       0x40 ./Core/Src/stm32f1xx_hal_msp.o
 .debug_aranges
                0x0000000000000130       0x68 ./Core/Src/stm32f1xx_it.o
 .debug_aranges
                0x0000000000000198       0x28 ./Core/Src/system_stm32f1xx.o
 .debug_aranges
                0x00000000000001c0       0x28 ./Core/Startup/startup_stm32f103rbtx.o
 .debug_aranges
                0x00000000000001e8       0xe0 ./Drivers/STM32F1xx_HAL_Driver/Src/stm32f1xx_hal.o
 .debug_aranges
                0x00000000000002c8      0x100 ./Drivers/STM32F1xx_HAL_Driver/Src/stm32f1xx_hal_cortex.o
 .debug_aranges
                0x00000000000003c8       0x58 ./Drivers/STM32F1xx_HAL_Driver/Src/stm32f1xx_hal_gpio.o
 .debug_aranges
                0x0000000000000420       0x90 ./Drivers/STM32F1xx_HAL_Driver/Src/stm32f1xx_hal_rcc.o
 .debug_aranges
                0x00000000000004b0      0x1d0 ./Drivers/STM32F1xx_HAL_Driver/Src/stm32f1xx_hal_spi.o
 .debug_aranges
                0x0000000000000680      0x200 ./Drivers/STM32F1xx_HAL_Driver/Src/stm32f1xx_hal_uart.o
 .debug_aranges
                0x0000000000000880       0x28 ./FATFS/App/fatfs.o
 .debug_aranges
                0x00000000000008a8       0x40 ./FATFS/Target/user_diskio.o
 .debug_aranges
                0x00000000000008e8       0x48 ./Middlewares/Third_Party/FatFs/src/diskio.o
 .debug_aranges
                0x0000000000000930      0x210 ./Middlewares/Third_Party/FatFs/src/ff.o
 .debug_aranges
                0x0000000000000b40       0x40 ./Middlewares/Third_Party/FatFs/src/ff_gen_drv.o
 .debug_aranges
                0x0000000000000b80       0x28 ./Middlewares/Third_Party/FatFs/src/option/ccsbcs.o

.debug_ranges   0x0000000000000000      0xac0
 .debug_ranges  0x0000000000000000       0x98 ./Core/Src/fatfs_sd.o
 .debug_ranges  0x0000000000000098       0x38 ./Core/Src/main.o
 .debug_ranges  0x00000000000000d0       0x30 ./Core/Src/stm32f1xx_hal_msp.o
 .debug_ranges  0x0000000000000100       0x58 ./Core/Src/stm32f1xx_it.o
 .debug_ranges  0x0000000000000158       0x18 ./Core/Src/system_stm32f1xx.o
 .debug_ranges  0x0000000000000170       0x20 ./Core/Startup/startup_stm32f103rbtx.o
 .debug_ranges  0x0000000000000190       0xd0 ./Drivers/STM32F1xx_HAL_Driver/Src/stm32f1xx_hal.o
 .debug_ranges  0x0000000000000260       0xf0 ./Drivers/STM32F1xx_HAL_Driver/Src/stm32f1xx_hal_cortex.o
 .debug_ranges  0x0000000000000350       0x48 ./Drivers/STM32F1xx_HAL_Driver/Src/stm32f1xx_hal_gpio.o
 .debug_ranges  0x0000000000000398       0x80 ./Drivers/STM32F1xx_HAL_Driver/Src/stm32f1xx_hal_rcc.o
 .debug_ranges  0x0000000000000418      0x1c0 ./Drivers/STM32F1xx_HAL_Driver/Src/stm32f1xx_hal_spi.o
 .debug_ranges  0x00000000000005d8      0x220 ./Drivers/STM32F1xx_HAL_Driver/Src/stm32f1xx_hal_uart.o
 .debug_ranges  0x00000000000007f8       0x18 ./FATFS/App/fatfs.o
 .debug_ranges  0x0000000000000810       0x30 ./FATFS/Target/user_diskio.o
 .debug_ranges  0x0000000000000840       0x38 ./Middlewares/Third_Party/FatFs/src/diskio.o
 .debug_ranges  0x0000000000000878      0x200 ./Middlewares/Third_Party/FatFs/src/ff.o
 .debug_ranges  0x0000000000000a78       0x30 ./Middlewares/Third_Party/FatFs/src/ff_gen_drv.o
 .debug_ranges  0x0000000000000aa8       0x18 ./Middlewares/Third_Party/FatFs/src/option/ccsbcs.o

.debug_macro    0x0000000000000000    0x17f28
 .debug_macro   0x0000000000000000      0x1cb ./Core/Src/fatfs_sd.o
 .debug_macro   0x00000000000001cb      0xa6c ./Core/Src/fatfs_sd.o
 .debug_macro   0x0000000000000c37      0x21b ./Core/Src/fatfs_sd.o
 .debug_macro   0x0000000000000e52       0x2e ./Core/Src/fatfs_sd.o
 .debug_macro   0x0000000000000e80       0x22 ./Core/Src/fatfs_sd.o
 .debug_macro   0x0000000000000ea2       0x22 ./Core/Src/fatfs_sd.o
 .debug_macro   0x0000000000000ec4       0x8e ./Core/Src/fatfs_sd.o
 .debug_macro   0x0000000000000f52       0x51 ./Core/Src/fatfs_sd.o
 .debug_macro   0x0000000000000fa3      0x103 ./Core/Src/fatfs_sd.o
 .debug_macro   0x00000000000010a6       0x6a ./Core/Src/fatfs_sd.o
 .debug_macro   0x0000000000001110      0x1df ./Core/Src/fatfs_sd.o
 .debug_macro   0x00000000000012ef       0x1c ./Core/Src/fatfs_sd.o
 .debug_macro   0x000000000000130b       0x22 ./Core/Src/fatfs_sd.o
 .debug_macro   0x000000000000132d       0xbd ./Core/Src/fatfs_sd.o
 .debug_macro   0x00000000000013ea      0xd23 ./Core/Src/fatfs_sd.o
 .debug_macro   0x000000000000210d     0xe09e ./Core/Src/fatfs_sd.o
 .debug_macro   0x00000000000101ab       0x6d ./Core/Src/fatfs_sd.o
 .debug_macro   0x0000000000010218     0x3468 ./Core/Src/fatfs_sd.o
 .debug_macro   0x0000000000013680      0x174 ./Core/Src/fatfs_sd.o
 .debug_macro   0x00000000000137f4       0x5c ./Core/Src/fatfs_sd.o
 .debug_macro   0x0000000000013850      0x5be ./Core/Src/fatfs_sd.o
 .debug_macro   0x0000000000013e0e      0x289 ./Core/Src/fatfs_sd.o
 .debug_macro   0x0000000000014097      0x1cb ./Core/Src/fatfs_sd.o
 .debug_macro   0x0000000000014262      0x114 ./Core/Src/fatfs_sd.o
 .debug_macro   0x0000000000014376      0x1b2 ./Core/Src/fatfs_sd.o
 .debug_macro   0x0000000000014528       0x27 ./Core/Src/fatfs_sd.o
 .debug_macro   0x000000000001454f      0x136 ./Core/Src/fatfs_sd.o
 .debug_macro   0x0000000000014685      0x1bc ./Core/Src/fatfs_sd.o
 .debug_macro   0x0000000000014841       0x34 ./Core/Src/fatfs_sd.o
 .debug_macro   0x0000000000014875       0x3c ./Core/Src/fatfs_sd.o
 .debug_macro   0x00000000000148b1       0x57 ./Core/Src/fatfs_sd.o
 .debug_macro   0x0000000000014908       0x88 ./Core/Src/fatfs_sd.o
 .debug_macro   0x0000000000014990      0x241 ./Core/Src/fatfs_sd.o
 .debug_macro   0x0000000000014bd1      0x141 ./Core/Src/fatfs_sd.o
 .debug_macro   0x0000000000014d12      0x217 ./Core/Src/fatfs_sd.o
 .debug_macro   0x0000000000014f29      0x279 ./Core/Src/fatfs_sd.o
 .debug_macro   0x00000000000151a2       0x83 ./Core/Src/fatfs_sd.o
 .debug_macro   0x0000000000015225       0x16 ./Core/Src/fatfs_sd.o
 .debug_macro   0x000000000001523b       0x7c ./Core/Src/fatfs_sd.o
 .debug_macro   0x00000000000152b7       0x9a ./Core/Src/fatfs_sd.o
 .debug_macro   0x0000000000015351      0x2c2 ./Core/Src/main.o
 .debug_macro   0x0000000000015613       0x5e ./Core/Src/main.o
 .debug_macro   0x0000000000015671       0xde ./Core/Src/main.o
 .debug_macro   0x000000000001574f       0xf5 ./Core/Src/main.o
 .debug_macro   0x0000000000015844       0x8e ./Core/Src/main.o
 .debug_macro   0x00000000000158d2       0x52 ./Core/Src/main.o
 .debug_macro   0x0000000000015924       0x18 ./Core/Src/main.o
 .debug_macro   0x000000000001593c       0x3c ./Core/Src/main.o
 .debug_macro   0x0000000000015978       0x34 ./Core/Src/main.o
 .debug_macro   0x00000000000159ac       0x16 ./Core/Src/main.o
 .debug_macro   0x00000000000159c2       0x43 ./Core/Src/main.o
 .debug_macro   0x0000000000015a05       0x34 ./Core/Src/main.o
 .debug_macro   0x0000000000015a39       0x10 ./Core/Src/main.o
 .debug_macro   0x0000000000015a49       0x58 ./Core/Src/main.o
 .debug_macro   0x0000000000015aa1       0x71 ./Core/Src/main.o
 .debug_macro   0x0000000000015b12       0x1c ./Core/Src/main.o
 .debug_macro   0x0000000000015b2e      0x12a ./Core/Src/main.o
 .debug_macro   0x0000000000015c58      0x341 ./Core/Src/main.o
 .debug_macro   0x0000000000015f99       0x10 ./Core/Src/main.o
 .debug_macro   0x0000000000015fa9       0x35 ./Core/Src/main.o
 .debug_macro   0x0000000000015fde       0x20 ./Core/Src/main.o
 .debug_macro   0x0000000000015ffe      0x1a7 ./Core/Src/stm32f1xx_hal_msp.o
 .debug_macro   0x00000000000161a5      0x1b1 ./Core/Src/stm32f1xx_it.o
 .debug_macro   0x0000000000016356      0x198 ./Core/Src/system_stm32f1xx.o
 .debug_macro   0x00000000000164ee      0x1bc ./Drivers/STM32F1xx_HAL_Driver/Src/stm32f1xx_hal.o
 .debug_macro   0x00000000000166aa      0x198 ./Drivers/STM32F1xx_HAL_Driver/Src/stm32f1xx_hal_cortex.o
 .debug_macro   0x0000000000016842      0x203 ./Drivers/STM32F1xx_HAL_Driver/Src/stm32f1xx_hal_gpio.o
 .debug_macro   0x0000000000016a45      0x1aa ./Drivers/STM32F1xx_HAL_Driver/Src/stm32f1xx_hal_rcc.o
 .debug_macro   0x0000000000016bef      0x1a0 ./Drivers/STM32F1xx_HAL_Driver/Src/stm32f1xx_hal_spi.o
 .debug_macro   0x0000000000016d8f      0x199 ./Drivers/STM32F1xx_HAL_Driver/Src/stm32f1xx_hal_uart.o
 .debug_macro   0x0000000000016f28      0x1fa ./FATFS/App/fatfs.o
 .debug_macro   0x0000000000017122       0xd8 ./FATFS/App/fatfs.o
 .debug_macro   0x00000000000171fa      0x2af ./FATFS/Target/user_diskio.o
 .debug_macro   0x00000000000174a9       0x56 ./FATFS/Target/user_diskio.o
 .debug_macro   0x00000000000174ff      0x1e7 ./Middlewares/Third_Party/FatFs/src/diskio.o
 .debug_macro   0x00000000000176e6      0x42e ./Middlewares/Third_Party/FatFs/src/ff.o
 .debug_macro   0x0000000000017b14       0x58 ./Middlewares/Third_Party/FatFs/src/ff.o
 .debug_macro   0x0000000000017b6c      0x1e7 ./Middlewares/Third_Party/FatFs/src/ff_gen_drv.o
 .debug_macro   0x0000000000017d53      0x1d5 ./Middlewares/Third_Party/FatFs/src/option/ccsbcs.o

.debug_line     0x0000000000000000     0xea24
 .debug_line    0x0000000000000000      0xd74 ./Core/Src/fatfs_sd.o
 .debug_line    0x0000000000000d74      0x9e9 ./Core/Src/main.o
 .debug_line    0x000000000000175d      0x6fc ./Core/Src/stm32f1xx_hal_msp.o
 .debug_line    0x0000000000001e59      0x74c ./Core/Src/stm32f1xx_it.o
 .debug_line    0x00000000000025a5      0x6de ./Core/Src/system_stm32f1xx.o
 .debug_line    0x0000000000002c83       0x87 ./Core/Startup/startup_stm32f103rbtx.o
 .debug_line    0x0000000000002d0a      0x90b ./Drivers/STM32F1xx_HAL_Driver/Src/stm32f1xx_hal.o
 .debug_line    0x0000000000003615      0xaf3 ./Drivers/STM32F1xx_HAL_Driver/Src/stm32f1xx_hal_cortex.o
 .debug_line    0x0000000000004108      0x9a2 ./Drivers/STM32F1xx_HAL_Driver/Src/stm32f1xx_hal_gpio.o
 .debug_line    0x0000000000004aaa      0xd19 ./Drivers/STM32F1xx_HAL_Driver/Src/stm32f1xx_hal_rcc.o
 .debug_line    0x00000000000057c3     0x1b90 ./Drivers/STM32F1xx_HAL_Driver/Src/stm32f1xx_hal_spi.o
 .debug_line    0x0000000000007353     0x19e6 ./Drivers/STM32F1xx_HAL_Driver/Src/stm32f1xx_hal_uart.o
 .debug_line    0x0000000000008d39      0x6fb ./FATFS/App/fatfs.o
 .debug_line    0x0000000000009434      0x87e ./FATFS/Target/user_diskio.o
 .debug_line    0x0000000000009cb2      0x76c ./Middlewares/Third_Party/FatFs/src/diskio.o
 .debug_line    0x000000000000a41e     0x3710 ./Middlewares/Third_Party/FatFs/src/ff.o
 .debug_line    0x000000000000db2e      0x789 ./Middlewares/Third_Party/FatFs/src/ff_gen_drv.o
 .debug_line    0x000000000000e2b7      0x76d ./Middlewares/Third_Party/FatFs/src/option/ccsbcs.o

.debug_str      0x0000000000000000    0x844ef
 .debug_str     0x0000000000000000    0x7df7b ./Core/Src/fatfs_sd.o
                                      0x7e341 (size before relaxing)
 .debug_str     0x000000000007df7b     0x3e27 ./Core/Src/main.o
                                      0x81ebb (size before relaxing)
 .debug_str     0x0000000000081da2       0xbb ./Core/Src/stm32f1xx_hal_msp.o
                                      0x7e1dd (size before relaxing)
 .debug_str     0x0000000000081e5d       0xf7 ./Core/Src/stm32f1xx_it.o
                                      0x7dc3a (size before relaxing)
 .debug_str     0x0000000000081f54       0x7e ./Core/Src/system_stm32f1xx.o
                                      0x7dabe (size before relaxing)
 .debug_str     0x0000000000081fd2       0x36 ./Core/Startup/startup_stm32f103rbtx.o
                                         0x70 (size before relaxing)
 .debug_str     0x0000000000082008      0x37a ./Drivers/STM32F1xx_HAL_Driver/Src/stm32f1xx_hal.o
                                      0x7e1f1 (size before relaxing)
 .debug_str     0x0000000000082382      0x2a8 ./Drivers/STM32F1xx_HAL_Driver/Src/stm32f1xx_hal_cortex.o
                                      0x7e13d (size before relaxing)
 .debug_str     0x000000000008262a      0x2cd ./Drivers/STM32F1xx_HAL_Driver/Src/stm32f1xx_hal_gpio.o
                                      0x7de44 (size before relaxing)
 .debug_str     0x00000000000828f7      0x229 ./Drivers/STM32F1xx_HAL_Driver/Src/stm32f1xx_hal_rcc.o
                                      0x7deed (size before relaxing)
 .debug_str     0x0000000000082b20      0x543 ./Drivers/STM32F1xx_HAL_Driver/Src/stm32f1xx_hal_spi.o
                                      0x7e3ea (size before relaxing)
 .debug_str     0x0000000000083063      0x5d5 ./Drivers/STM32F1xx_HAL_Driver/Src/stm32f1xx_hal_uart.o
                                      0x7e4f8 (size before relaxing)
 .debug_str     0x0000000000083638       0x74 ./FATFS/App/fatfs.o
                                      0x7e493 (size before relaxing)
 .debug_str     0x00000000000836ac       0x5a ./FATFS/Target/user_diskio.o
                                      0x81213 (size before relaxing)
 .debug_str     0x0000000000083706       0x52 ./Middlewares/Third_Party/FatFs/src/diskio.o
                                      0x7e3b9 (size before relaxing)
 .debug_str     0x0000000000083758      0xcb3 ./Middlewares/Third_Party/FatFs/src/ff.o
                                      0x7f277 (size before relaxing)
 .debug_str     0x000000000008440b       0x91 ./Middlewares/Third_Party/FatFs/src/ff_gen_drv.o
                                      0x7e40a (size before relaxing)
 .debug_str     0x000000000008449c       0x53 ./Middlewares/Third_Party/FatFs/src/option/ccsbcs.o
                                      0x7e198 (size before relaxing)

.comment        0x0000000000000000       0x50
 .comment       0x0000000000000000       0x50 ./Core/Src/fatfs_sd.o
                                         0x51 (size before relaxing)
 .comment       0x0000000000000050       0x51 ./Core/Src/main.o
 .comment       0x0000000000000050       0x51 ./Core/Src/stm32f1xx_hal_msp.o
 .comment       0x0000000000000050       0x51 ./Core/Src/stm32f1xx_it.o
 .comment       0x0000000000000050       0x51 ./Core/Src/system_stm32f1xx.o
 .comment       0x0000000000000050       0x51 ./Drivers/STM32F1xx_HAL_Driver/Src/stm32f1xx_hal.o
 .comment       0x0000000000000050       0x51 ./Drivers/STM32F1xx_HAL_Driver/Src/stm32f1xx_hal_cortex.o
 .comment       0x0000000000000050       0x51 ./Drivers/STM32F1xx_HAL_Driver/Src/stm32f1xx_hal_gpio.o
 .comment       0x0000000000000050       0x51 ./Drivers/STM32F1xx_HAL_Driver/Src/stm32f1xx_hal_rcc.o
 .comment       0x0000000000000050       0x51 ./Drivers/STM32F1xx_HAL_Driver/Src/stm32f1xx_hal_spi.o
 .comment       0x0000000000000050       0x51 ./Drivers/STM32F1xx_HAL_Driver/Src/stm32f1xx_hal_uart.o
 .comment       0x0000000000000050       0x51 ./FATFS/App/fatfs.o
 .comment       0x0000000000000050       0x51 ./FATFS/Target/user_diskio.o
 .comment       0x0000000000000050       0x51 ./Middlewares/Third_Party/FatFs/src/diskio.o
 .comment       0x0000000000000050       0x51 ./Middlewares/Third_Party/FatFs/src/ff.o
 .comment       0x0000000000000050       0x51 ./Middlewares/Third_Party/FatFs/src/ff_gen_drv.o
 .comment       0x0000000000000050       0x51 ./Middlewares/Third_Party/FatFs/src/option/ccsbcs.o

.debug_frame    0x0000000000000000     0x2ed0
 .debug_frame   0x0000000000000000      0x28c ./Core/Src/fatfs_sd.o
 .debug_frame   0x000000000000028c       0xcc ./Core/Src/main.o
 .debug_frame   0x0000000000000358       0xc8 ./Core/Src/stm32f1xx_hal_msp.o
 .debug_frame   0x0000000000000420      0x120 ./Core/Src/stm32f1xx_it.o
 .debug_frame   0x0000000000000540       0x58 ./Core/Src/system_stm32f1xx.o
 .debug_frame   0x0000000000000598      0x334 ./Drivers/STM32F1xx_HAL_Driver/Src/stm32f1xx_hal.o
 .debug_frame   0x00000000000008cc      0x428 ./Drivers/STM32F1xx_HAL_Driver/Src/stm32f1xx_hal_cortex.o
 .debug_frame   0x0000000000000cf4      0x14c ./Drivers/STM32F1xx_HAL_Driver/Src/stm32f1xx_hal_gpio.o
 .debug_frame   0x0000000000000e40      0x21c ./Drivers/STM32F1xx_HAL_Driver/Src/stm32f1xx_hal_rcc.o
 .debug_frame   0x000000000000105c      0x824 ./Drivers/STM32F1xx_HAL_Driver/Src/stm32f1xx_hal_spi.o
 .debug_frame   0x0000000000001880      0x914 ./Drivers/STM32F1xx_HAL_Driver/Src/stm32f1xx_hal_uart.o
 .debug_frame   0x0000000000002194       0x4c ./FATFS/App/fatfs.o
 .debug_frame   0x00000000000021e0       0xc4 ./FATFS/Target/user_diskio.o
 .debug_frame   0x00000000000022a4       0xec ./Middlewares/Third_Party/FatFs/src/diskio.o
 .debug_frame   0x0000000000002390      0x9ac ./Middlewares/Third_Party/FatFs/src/ff.o
 .debug_frame   0x0000000000002d3c       0xc8 ./Middlewares/Third_Party/FatFs/src/ff_gen_drv.o
 .debug_frame   0x0000000000002e04       0x60 ./Middlewares/Third_Party/FatFs/src/option/ccsbcs.o
 .debug_frame   0x0000000000002e64       0x2c c:/st/stm32cubeide_1.11.2/stm32cubeide/plugins/com.st.stm32cube.ide.mcu.externaltools.gnu-tools-for-stm32.10.3-2021.10.win32_1.0.100.202210260954/tools/bin/../lib/gcc/arm-none-eabi/10.3.1/../../../../arm-none-eabi/lib/thumb/v7-m/nofp\libc_nano.a(lib_a-init.o)
 .debug_frame   0x0000000000002e90       0x20 c:/st/stm32cubeide_1.11.2/stm32cubeide/plugins/com.st.stm32cube.ide.mcu.externaltools.gnu-tools-for-stm32.10.3-2021.10.win32_1.0.100.202210260954/tools/bin/../lib/gcc/arm-none-eabi/10.3.1/../../../../arm-none-eabi/lib/thumb/v7-m/nofp\libc_nano.a(lib_a-memset.o)
 .debug_frame   0x0000000000002eb0       0x20 c:/st/stm32cubeide_1.11.2/stm32cubeide/plugins/com.st.stm32cube.ide.mcu.externaltools.gnu-tools-for-stm32.10.3-2021.10.win32_1.0.100.202210260954/tools/bin/../lib/gcc/arm-none-eabi/10.3.1/../../../../arm-none-eabi/lib/thumb/v7-m/nofp\libc_nano.a(lib_a-strcmp.o)
